/Users/frido_mac/Projects/low_vram_institute/logs/parameter_golf/2026_04_29_run_0080.txt
WARNING: disabling MLX_EAGER_EVAL on single_microbatch_path for throughput
run_id:2026_04_29_run_0080
mlx_version:0.29.3
train_loader:shards pattern=/Users/frido_mac/Projects/low_vram_institute/third_party/parameter-golf/data/datasets/fineweb10B_sp1024/fineweb_train_*.bin
val_loader:shards pattern=/Users/frido_mac/Projects/low_vram_institute/third_party/parameter-golf/data/datasets/fineweb10B_sp1024/fineweb_val_*.bin tokens:261120
WARNING: train_loader:subset dataset:fineweb10B_sp1024 train_shards:1/195 new epochs will arrive sooner than the full dataset
tokenizer_path:/Users/frido_mac/Projects/low_vram_institute/third_party/parameter-golf/data/tokenizers/fineweb_1024_bpe.model
model_params:17193546 vocab_size:1024 layers:9 dim:512 heads:8 kv_heads:4 seq_len:1024 tie_embeddings:True
iterations:20000 train_batch_tokens:6144 grad_accum_steps:1 microbatch_tokens:6144 microbatch_batch_size:6 val_batch_size:8192 max_wallclock_seconds:600.000
mlx_max_microbatch_tokens:8192
optimizer:muon+adam muon_matrix_params:54 scalar_params:44 embed_lr:0.03 matrix_lr:0.02 scalar_lr:0.02 muon_momentum:0.95 muon_steps:5
val_bpb:enabled tokenizer_kind=sentencepiece tokenizer_path=/Users/frido_mac/Projects/low_vram_institute/third_party/parameter-golf/data/tokenizers/fineweb_1024_bpe.model
eval_mode:doc_isolated_sliding bos_token_id:1 val_docs:233
eval_stride:64
compute_dtype:mlx.core.bfloat16 compile:True
dtypes tok_emb:mlx.core.bfloat16 linear_weight:mlx.core.float32 skip_weights:mlx.core.float32
final_eval_budget:estimate_ms:43018 reserve_ms:72000 estimate_batches:2
quant_aware:train_seconds:48.0 iters:96 every:24
quant_aware_lr_mul:embed:0.6 matrix:0.35 scalar:0.8
quant_aware_proj_mix:start:0.55 step:0.2 end:0.95
int8_transpose_suffixes:mlp.fc.weight
int8_fp16_keep:count:9 tail_full_blocks:0 tail_proj_blocks:2
tail_recur:blocks:2 start:7 active:2
decoder_skip_alignment:start:2 count:3 trim:1
tail_recur_order:reverse
tail_recur_carry:decoder_output_anchor
tail_recur_curriculum:min_gain:0.35 ramp_start:0.55 ramp_end:0.9
tail_recur_staging:gap:0.16 span:0.12
tail_ema:decay:0.94 tracked_float_kept:all tracked_proj_suffixes:all
step:1/20000 train_loss:6.9419 train_time:10ms step_avg:10.22ms tok_s:601493
step:2/20000 train_loss:13.3259 train_time:1603ms step_avg:801.70ms tok_s:97334
step:3/20000 train_loss:10.9044 train_time:5360ms step_avg:1786.53ms tok_s:176638
step:4/20000 train_loss:9.0017 train_time:11886ms step_avg:2971.59ms tok_s:597736
step:5/20000 train_loss:7.6759 train_time:18521ms step_avg:3704.29ms tok_s:287197
step:6/20000 train_loss:7.1240 train_time:24930ms step_avg:4154.93ms tok_s:506405
step:7/20000 train_loss:7.0724 train_time:31933ms step_avg:4561.84ms tok_s:383972
step:8/20000 train_loss:6.5355 train_time:38928ms step_avg:4866.01ms tok_s:228735
step:9/20000 train_loss:6.1921 train_time:47514ms step_avg:5279.34ms tok_s:97737
step:10/20000 train_loss:6.2773 train_time:57473ms step_avg:5747.35ms tok_s:76763
step:50/20000 train_loss:4.6491 train_time:68339ms step_avg:1366.78ms tok_s:680807
quant_aware_roundtrip:step:51
val_progress:1/255
val_progress:25/255
val_progress:50/255
val_progress:75/255
val_progress:100/255
val_progress:125/255
val_progress:150/255
val_progress:175/255
val_progress:200/255
val_progress:225/255
val_progress:250/255
val_progress:255/255
step:51/20000 val_loss:4.6296 val_bpb:2.0522 train_time:563745ms step_avg:11053.82ms
stopping_early: wallclock_cap train_time:563745ms step:51/20000
saved_model:/Users/frido_mac/Projects/low_vram_institute/logs/parameter_golf/2026_04_29_run_0080_mlx_model.npz bytes:67748186
serialized_model_int8_zlib:12824236 bytes (payload:20615460 raw_pickle:20624932 payload_ratio:3.29x)
val_progress:1/255
val_progress:25/255
val_progress:50/255
val_progress:75/255
val_progress:100/255
val_progress:125/255
val_progress:150/255
val_progress:175/255
val_progress:200/255
val_progress:225/255
val_progress:250/255
val_progress:255/255
throughput:avg_tok_s:555.83 total_tokens:313344
final_int8_zlib_roundtrip val_loss:4.6293 val_bpb:2.0521 eval_time:40480ms
final_int8_zlib_roundtrip_exact val_loss:4.62925521 val_bpb:2.05209420
evxt%7%3fP87CD26{xF_?Yqnx"
    "H(`uFu#HqRu!SiB3$V&%h{T15hHgSx9apl3QAThTlw+z8?%g+&as{W^*gy=F?!HYKGM9-)_CT$D-G*D;m7VrAqgsA_W%#z2z"
    "-0M_y3tjhs&{so+YsxLMXz3E;5eGFP;z@r*Yu;ejF`FPS>QBfb{`i*?0cB7#qe{nsAtYh^Sx5F>sr3mmj#r5Vaq_sk<T0CM$"
    "RpPM_5r%yTYrE57-!-{FsyCUqxYXlp^TFC6O%8=g2^2|2K87}R@gJe<1;LqaIc0gJL9%QuBJ}&T9>%htd#vRPe5<REJt96n3"
    "HnQ1lW7io1XHBmg(w}Nv{^U5FzUg3_F#V0sf3HQ_R}mV`P3Fus@piV%}O8&B|bR(FmEgJCnzJ^T<`6!_~wgMFv7e)d7!Ro%?"
    "33SRspD4tr`hebsFl`Il({~!C^HKbWql>eWc|Gx9s<K_CFx+fhmeg8@1cJS2#R)orcPMAbR(;QF;(@6iEHDcW)8np$;)vek2"
    "Vt&KuP#zD~HqB2(6by<XMSYgItgvT3>}7q}uTPG#CPy?$#Cs2DUv>TO@|AxXc6kyDIldLo3Hj%|gsV%PwMO9R>q%(|xLuGKr"
    "02=)}NtKRilP-jj0)c3B9FVyoj{jH(#qs9beKt^CM0_Kk*n;xh<%(Ed_0vY_z3vh*V-H_G0IW8oBcv)T2k^%*^1x85akT>6F"
    "e?kLrU;h!9GKpMqoQG=xL#D+{%uROxsZz5o(?{8)D8uT0N~fW07|Sl7-IJKgx<RVZvrChhx4o+Sx=;*Lh11^J##y&WNHO=(S"
    "TRgz{O?Yd-RR9JDtvyNaQ>~(ci;`_6oI0ue^>j+8Fw2Lkz}-+W=UN5S=MFYqJe{n+1P^I6x;S8cg3?`I+x9+NdelRtZIor=3"
    "AoZ&@OM8ft3(}htjy@>JTsAWGy*jVKocWVWH`E1lS%LO16~<MhBzP(cbYsn6CTzU#VOJp&o~WvWwN202_^u0n8Sf`{-_6WN6"
    "g5m@yJzJ@g^0?P-UuE$YR_6s8<B4O)e47B%L1bFU*~K)lJUti1CCpxmToiu33EP66u}EvYvCWOQqxCROFeCIviOX;fAF3Ws_"
    "TiB8{uW){R()bTzM4g^{qqF9w>**|%k3-wV}5M4}e66RPv$`1!xw*WVWLml~NX4@wA!{`%KGUNu$SokNfOI|xmvX*OwZx%0%"
    "Ay5k<!5rKyY#f%%()T5?!$6aYLZ(3H^_gG-!&$@R7827psDwuf;!(=t>Y3=mrLau;a;{mZF=t%g8t7-wytVc2tH;Zg^YV9EF"
    "335{hL}5pWRXvzRTxZ=J942hs+xQsnrH@H>8kP3wH11>M!nFuOSN!4zXid0OEz+&8oBvujYwMIF#1wjf08~$<9tHkAc0x&dT"
    "vE*@spT@jDJOyPkd!MCH2qiF}08@hlUn`EDe<ylR-!G3Ihj6vtbp*a#i^hqNn#JWPaPe;!51rD6jjSAuUB6Q$e|NQ_M|%V@B"
    "#*z&MBfJF({N?H(?-#u@Q=i!D@F>1afUOK6%&2$t<UbP5($cL6cP3Tpj+)Es7KXMm#P8Mi8jz~C)}WWHfe%pY+B^vP8QgW^x"
    "BK~Ohn0~2QmblujstfGj?VkHqMjZj^qqG8p<n<*k>@62x15drAPy97;8$kj6;?Bz0qHCzi&y{nI`Dz|xARb~i)HCt9Oa0fm)"
    "prI3$LkrRL#XXXiG9pB>oyp<H`dpT0h?<z!wr%wJ0pG!JKUD${<l!0LSio-^u5Ze<N23DvhG-Oj`z9wEQ;zM*tlC3rqgZcKG"
    "~|XP2Y5apQQkKuflDsjazXIn@MIA&V8wxlc4+q(35vRZt|8<&bOsQ+1Wj`ww4*hLR0<nHX&1J43`EJ((4FsVFe?f599B`#8E"
    ";^WFZ0T~Hwx8U*LBJ<ue9~@d%d)1uy0~rb7>+$*{U-T@#?-}43}!n;Gw0?Bn+1oS|yi|GLTccITKGC-Sy@w=jmk;Pa@Dgt{Y"
    "+zf86<Sw6zx<ZSDW8hlJ|}l@8>s)49z{5Mqtguwhv^GPz<X26hd7+F7+VfzQaY?j%dy{7kZ8j(b^b?s6lP{{S;{vtDDAG}l;"
    "b0xZGkG0)RD<Gx>v9;r<*j9Ckt+SR&(!AG=J$HPz%U;`S>-~e?C2|{lT6;(uI-L}NEkSBeiRoF28pF0Qw52`5Q`kIKnru^eN"
    "0&*AMg3aiNo_>R8nX=ce%?OFSfL`N>1W+uYik(^V!w7z-UK@;LjfA~jg+~DwQ|Rn?G(+-Otu&4qZSY#W0kVMk`*FejUTaK?b"
    "^AJvt>|Pwr#(|O+@^dwC&hy_e&t0KC`IG+8jP=65fCots4dK?W|at>3xukUepq0SQ9kM7$i-vdQI4^)+soou#2YMQskZQ?i)"
    "$^kf|N~qrC}nOD<MS@RdIIZGZ5Z$M=8}R5+wn%nH6?vx6>lIiPDjVi@8tJpz-q7`}TrpYl0X|BR$m?fomS?xhoz;SqqGt_h="
    "<@{9(1eLOJlX)<EA}P<_#?wzE->&2n40V(d+HlnUa8;;>87Y&xsV(K7Tw9D!v=5;c11;L(T4m#xk9`rNLgSzs)LVxw0D7#iE"
    "WC@)eiV9UKq2Ija*Ba6wG)AS5?j&7}ha%x@d#NGyTo3z&7UJV!zM@WTIQC}$SP3d)tJr`Afn73B4!vjRLnhjtWTzd6W0sm|P"
    ">x)P-&8OCmw@uI{Wo*@}lUhvC+N#z#EvaOj4X^UTU>CW5Q0zNWOb(KaZ(s-pObv1`+w=)0Wu1ns6dOg=$eJ5YLv60@gOYD8i"
    "Ztg$@G4sw?XRa2fwM-hfZ3WDb**hB`JL;#)<!U&A$)x-*1TI-XGsq5#^*MyjrWob>+B}S;>_nQ6N>>t{HI%-DxFJAZx%sWmh"
    "ED)06Xg|2v2NN$;vv&z}gFM&@?dm@q6-7D@^sZ=6kj9^;Hk`5-W~aCfnpjdmp1NwRqbf`c0)9R#oY_)ijG+rAauC_kb~q1C*"
    "5AVL`cevI^AsJH8}3_QyjHMyE*7>7V9Vzk>nOnoEHa_LQ^95|(Dh4ewirkwQTeO6&j}vHMb|iX~tYZaG@(x?TgI1xt|fwCp8"
    "kik|e-t}lBpA6FkmW8RiVXn@tJ%{$r3bAISCQxgw&Tky>6qvjt0MhO4*lM*{A#tWbILQU}@jKo>a*?bb;rjyx3#MC1cJy6E&"
    "fcj&K1@=9<kV<+R2~_+#QjgIB56I3Y$*s_;qYHVEf?O!K6x0;O<2<{J@Pk(F?v!sno~b&{F*9S8kmd>v2g0~i;+ViJp;7yfw"
    "E82AH6XP3XqzLo=!jdLt_w}Z4t%?KmS>II8Q003u$)-vB&7x{okzByI|b%tu~G=yF_Q=qx`ThLy*;Rn2U_5d<*l1tTriL7J("
    "J6tvxVVvdVR*?<gbwp5%h!dbX19ObF?B)C&3!NX=k5}+)3?+&U7J%z3R4P1uz*-%nCd%{Cpt*m~G55JViP5Frl5W=2g<K&;|"
    "{SmsP-_v8ZeXt&3h$oAWA<3$u_&QvvNV8q1RTta6_b1crDpq|mi=`4Qt9sNuGa<QC%#o}#4Dw?6>m;Yf%+Ju}#mpVV_~dZ_P"
    "x1Yx!nB^L<v5_eV=;CivVsIGD-*m$xI0fjb|jr<svA42Se&><r_3x~(PQS37vYN~kvo?Gug@311wVNh5Pr@&Y=YQ8|4pIww{"
    "#MCw}xj@2=Tqc8#@c{9GOhMZyjwsNvhkLOL3LBS9VNBpW4NCC43Y@R^njMuOFDq~tMunRyTE_}EU<}R0ow?C)U2`^EhwO|GL"
    "r$C%wH-OvU7DWd=d`-=JIrkDc9_EkPcUGFTHo8G-{|y+vpZiq1b%Iw3U58v-Lyf$6T&=g$1ot%A~1I1nz|t-wN6s}>R)4bJG"
    "vXHgK8ru#ScIUOgj7}L=Z;;r*z;VKsEIBtLW8>*Nx=Cd5DoL@W;2Y7E2K0UOTph(gk7nMWWyC7QFJU;}>y3X%mXLO8PYMjYL"
    "7_u03WhD*LBYjFKO*hUt0p%q$B6gTWJNi!4xSTt>sZC|I&<Iuoo)xVpmlWVyb`WJCYden_>U;k1b+hU7c<8Fi7&!;0T9lnC|"
    "Oom&z`v}U$BGejC?8nQgfGLExukClnk>%|V%(>avs2-C=k3ar)I=Pvu}%jwjm!4Ol2ATyn;&$6Mgp7z-v(t$N11&!0JYcQap"
    "jTm!EY9#QW4^b1|b(KJCGoDVzca#Gmg~h+DAK1G$#bA%CCg$6-hj4yHuI;qf3>KKfErgQ1rW46vK$|TE%TOK#u60?;o3_F{*"
    "wrPcVtuL4Eds#BU3w?&k<sxD&E_?pV$*}eG;^=}XgB$yS-$e&?AiO3ZCOR{j}G=|!NL9z$PPE<I%MeZAEEYX<F)o_<2C<uZh"
    "SkJA0KL|V=&wD{>Qz+t|wNqT9M<EgCmtAUW6!a@Pdbfqv+`1uPn>)+)@Yc-yaW78jDe0GAO$}*gx6X#S-6r*ZuCh@7}!p-ct"
    "qs0`Hy0pJQ&w?mBN06SLL<y0fA+*1*)N-(l)Mj({p7v2ZqIprZ90^CnWJ_jXiVHB=rwD)Rnt<8?$?4&Q&=-Q}q$o6^fSR^Ul"
    "Stpe1gWgu!5cs5Ly7k6(fdN<hK`dedf&0;LY-%Eke$<fyS@!`SoAUgi|{{7Cc1C`gP1gk2&Wxgi%*p$_%4g^yfVNAxwP^jv5"
    "&LRd<CkxF7oSF&+mc~JxMn_EOq<Rw`78pdrG8l9$M79KiAFL2*83>-2QKJaMgi==Fu@eC<G+tl3U*EW1Yr!hwy-6?arCHX%l"
    "qFo&@N_`017R6QqHG#*ap!}1Z^fe62e`#H&XjvE;a}&5f*oaTCWpXwf!E)#WQw1BdF0p5XUChX2?Rb~F!&>8lQj_|U^}szNT"
    "bHft9&*dMe+<tM9Hba&`_wLrVF;eJR2&L0m`&M{IjzB(BLuA;_PkBo`%`N=yE<w#~4lo)VY{KcQ6?comMXWT1az42ry-6Oql"
    "18(Gh`=`cV0<DH5!-?7gG6!U%+GmT@dHQH!<H6x|}Zpy>DuVLso>wjR35ghx!ps?O`IdQKVCJX61@JDPy~XLZNq;1%uIC`Z}"
    "|`gNdU^l#&F`1o}(=MZrY@m3T0M(!9yK%aud-ZbMQ(A>(rux6mXALyDCJ;~`-x=taf_)6ibD|`$n#H5#@QE#&Z#}HSP`0F9P"
    "h-||FYa=5e<3@oA8?72YThrJNyzi;HD)QOoRg@R$Wke$0aNNrd*{cTTb~BwpG%S`sXntzMpmy>c7ou{QgY3SX<+GA?!dlX_1"
    "amOZgf=#Juj%=^^8TP(=gvN#BKGKl#k-3nOsQ0KJHhGN#@Rxswk@O^ujNA8VksCaYp}9RgS;wbnPdDQmcfO1LQ8_720ZlK&m"
    "ylNF}p|(_+k^U$+AYPo)oTqwGI&uIUa+y6l|<9Crz+E4?1NE2~))l^+duJjnT5N@niluV#&BzE0oyp0$Gdp8aEsV&jd8eC?o"
    "Q;B$H`%=Mzd|SHO8{P37^x+vp0S6LxV;!$fXxE29~(isJK9S_uMEq|15ftGcx|@gxc*kd;L=#MiYPy6ogzOCti~#wJ98h6bR"
    "7?8jR!u$_kAGde*b@u4iZ8=KZnIE^vG7Vu!4HBKD3GG-9t*@UPXLiKT>aTK^rX(%yc5B!ioLT^nVss%07Ub%Okkp4VmMD`ZU"
    "=FM+$4+?iE`Hw(L>E_hijWcN)mhiX0>}9^_z;o8N!V4oZH@^+Boxn^S_olfCku<aBadXb%PeHg?K_l?H$+cpN)deAIbHfE*_"
    "sPtIuS8gr+pwK+FUSmY@az*voEn#soLiDXzZ!FXWyWk<TtBe`$4|p@e7#hRuwsq66t1qZ*CSg59|R5t5Q0@34u-Nl7$on+yS"
    "G?R<_m9P7UxK~c}B5HAjW99p_w-<JS9YpriRvoDL|756<RXDeVM|TeQ^h=FvXx%%ja2=nXaT@<mVVcbrx!1G2JxRjs#XCy;("
    "C~9*@Fc+0o|~W0GlpIk#f3zANg9e#$r{b+|)Qo#!^VplP9X7)C?veo?|y+;C9Kgx{gv0(R;V4N^*dN@h_he(JW8e3|80?L8h"
    "e9H&{r-?1F4_<@Fe8sAX{MfO&c<6_Ita9NT9Epk#bo~mc2rp}!jT{y#ZfQF@Nm)3iDW@feICEWcmAZJ?sSS_b1=36Vv**VJ;"
    "EbX08?uMk<rF~pRVO68)Sv~2d#sJc`nrppSaWT9}$Ee6Y)|#pHm?SK=navU-l<cuqwn>(2yq~%6wz@f#hPe>Tr5D0pmLOPXF"
    "&bzC+B%w`YhYI5&@|v0%}VODwsZ@TCwukD)E6|<TOXdh`LGceda_=w*K^s4E(s@2ktst^$;l<10Sk=ECq5+TnNyGcy6mYsVU"
    "&x}<M#@k|E3E~zP`vkPTER{nDrc8;EC5NiaI?m%7$Y!s-{U1DK$2_dC^fats}<=D#>T<I~ybT$nWb=Ul^_63wzMMXuRC%>73"
    "2VJP5m6tX?WQ@%*>b4u9LBp=Hl?Cjeij%$oLR0>Sp1>`z*raQ8xGLT)HU4K#eyRTzK~GBzRQWRx_jCu|_ygWet?J3q3M6H`o"
    "HY=v#H35thMGH6@A>s6Zwqd?h|M=iI=e+O9u^(|<%0SrAEBBK`EPq^I5nx`5IpVgP%Pf<1%OAl8aHQg3zZq0s?GFxjv3^tPs"
    "E^|l1R+ad~;g#BqFI<esm>?fiE&B&1A4MIbPkpJIOo0dzmG*&81(oH8qGltc1Kae4+F6tLck8-=*o3ubW*r&vw5s>t5Y3K0e"
    "+i292<b&A!z?OheXKZo+ALDc7M!{Z|EwQx$5>vme8>YKyqq9NJ!a)pvEEsOeyOpRE?*riZzApT46CAY$~Fr!nwsV^`N&Qxpl"
    "4*Zre&Ie0L+GouReur)0oym8@6E=V#qVy;DR=2Re-6<)nGi#5Yb6e6=tAivo<$D7B}_G(`b)Vq}4w2%G0T#Utuf8mC4z5>Wh"
    "I^3X*}*lKV2Q7N2-0r3K-(mi39#0OIi~vSSS?o7M_V+_`0)Z!ZH40#=i*^~HzHJY8%`U8zAQpSLEouLJXOY}*1_PC&bcxv7q"
    "8tSOjdjE6$FsHyVLaWQ&YVZ*ZynzwP8!iSw$#Z&z)vTyEgvDkP?Z*k8B{j#{`EGpE#Xs5a+5m}E`Oc{y%z`MFeQwFzx(pz>D"
    "8bz40d;uC2a;8!H`stQA1lNeoBD<}aZX+sH<rp)=Qw=$GT2q@iL7I7I4#5b?pq^5qrX@JS&50mp)iWzlSr1bxaeE4u<Y}4=l"
    "W05>an<D%Xf~a6kNNjQ{C-&E!=!}X)Uq|MEVY%)ZJ2TzDKI>EvYd9+J73;vjaTgPQgoH4Uem~7$F7}@%Y@nF*drz_WWp=~%G"
    "e@-rZ@P(l&ctOB{3%3!#r7xDvQ9teesCTvobnIE{%)3h#xx@Fj!8v`5<ttS=Dr;<+{;3ZYl*pxfIW5V6K3%FRHSMOP^-hb(V"
    "k5+@EG3XVsV99Dkatd#9o{s)@7&*RjJfX==qBGy~d3J37R>=)ZwBMko~Mg=$B~gFYE&!T!(f#+#0Xi<1Wolu$n~J$f7o`imE"
    "5tSrzm%!<P>VtIP}&aApvdt*ghnE*mJcA<MzR`~tT>4-cJ{O%O`j0XmzX`B|myzrR^iRhpCOKpCOZ4UZ}M}_biE#Qw*T%+k4"
    "E(x2ofP8!-F6)Vh)eLVQRaanhf>7+g28rF+)p6Z-9Vm4HYwDGzae-$M0zAuBTYvO|T%gvl2~}RaNt~q@Nm)@pwEMNRc1}0Wy"
    "ysp=l<fXi=KQW~VLIqAa4xWWi=GNKzzUn}qC2wm&BpL5I9P^mE1$Rw*rsptnP?O9jNtK1yiCXUSv(<y63T9o--Z`Qf6XZ~?Q"
    "Yoz#J5A&7TLYvo1t>F%odw23|*2IifyfX(5Myeb27^4xA)OYK>@YG&!L5^+C~ktQG*uxO@Fe4;RI3rV>QI3iK3G<%Y3^Fc=6"
    "vuzz|`VoFFT7NanW|R>eA<pewNf9L<I?T$-9Tg$1jEXHt#gtrr&F+vEJeE0>Bc-n{|ufoCdi#6V;%mbFYd<2zV`JhrUsk{VQ"
    "=)l~-#oG_iXQbX&g=(s+aCUsptzI6helk>T*MY;$MYYM2oMZ&J7V;6D)`LE(kw%Ows9NyP4gW>2n+L6MkjPFWq1ofI7M{vwi"
    ")87SE-Nee5zBJExQWW2~@T`6(m>v20_)8_Z;J3!;Y3`BK?;CY)vg)_Ro!VCfVl%8G_(a>;*zlRWP)@&(8)u7eUY)lQEOJx${"
    "5!&bk%QyWW*bf-y8n!BFh%@Mj<$C8qvOF}qTRuM?G`lSHq+Cdr!GD_(@Y$V1xERha^IG|NcpZCDCc<@3GK|fKb>hlLg^6!9?"
    "(_24yYRIwKeP%v-;qK*GMQhgsGw8a9><yd4?v2FGja-fVV<uUcaoz(4eACFxg1;c`_(6tmwVCw|Cu$R**>OT%){V=&dnKrPn"
    "Wmkk{j^LPYJkX{AC+C~@cLme)nTOS0J{Dd<os1E<N(Y$R+#hC07Glsl8z4<NbTVOlS3Vw*jUQXQ%xak0fUS?aA39V|O3c9MN"
    "wF2ri4zE0(s(Sr|!R1+H@n^K4f@n!<N8huW)QT`cOv_e@&9ue0ShU7X=M~Pxp_}f!=2Wz$MsmSnLS3HAoWbQEjlkVYU&DA`o"
    "V1t|ZQ5GsHY|DpGTtld?y=O+eS$|EHUpJ_^fqo%XcU7P#o1vdXNRVP<q9Y@rkB_d2Zc?!}?J?F2mO{`C%-_Z}5x2O>Zi2n5z"
    "rvhS_FK#0RK%ZUx^nVuh_)Rh5m!E{j-9INJ%u(CfoyA+;_vy;;EZ7j-wBd7KWJ}!WSvWjM<Wp>%41A5K(_xx-{WL8PkZo}Qu"
    "$~Uw#&eu-kG>?Qf2-_qMi2GhC73$$6(ymJ`01}+&0v}sLL;1P~>%&D<Z=me#5(S$C%$OFkYXo8T@d@{D{PXG=cGd9HA7<T|B"
    "_<I}`4p^qx#pycbJLycnXf?qpiIb~T7uCnGl}U<@s{g4vkU#b6e3x*N<QOWY!>`4{-@DD;Ofv`7=<{#BNksH@(S_y=h~uQBm"
    "J6c2~92}|cBIJ^et2Ueb6#at71t*UhAm#y9C$E}m?pQ7WPzYo}5D$^prLE#ivn4<+=U=IQC41K8ITT1dp2W=P=O#j}|F;K5R"
    "9BsXewzjuF?nTEZgTrH9&hBYV5x?kIDpbA0nhG9R)P@pB>l)nzp$#}(F|E`RhLQ)P!rkkew%oFm&vlUe9aUp;o}a|UO0@E#5"
    "+P?sprJtcvfC2WVkPiewfiU*6Z5rPx>#*3rJxA9=4+T>O7k@f{8DcjVEuOYTN$px<*VI(og@uX_s)dGQv4x!O>~J8;)<N5+A"
    "{VgQ3GNNx!yA-1;o86X0L5p&~iPVl~?@IW{gV&(JIeHD^T*fBm`l+YL^-0yveh1K8(kT^r1DDp)rJ^K63VruZW)OLT9c_VHC"
    "Z7$VrX15npLsgoXoj+7rOf>h~jCmnrgllozeVGu6t9oD1A_Yk^9v13Y=BYpuehuw2J+<>hV34GQmYPW!3}_05`VtKyi1DoZg"
    "ien9tkC_b?O@Hx5KZz;ngGy58ASr=@<@}+xr$m?awm$#r&QARauGeb^wyu%$2vg>b55XRR(d7H1ua8p9LmZlf50_z#)FRVA0"
    "MN*c%dkNv;`Mm-Dp`HZV;MEp+sv1@bCtnV@_DL0cQ18qlEmh#EJ+rqI2<1jFU7&Wo`do8GcH1k2G-GNX-u7FUdlsM}G-!PU@"
    "W0Pj=qgd)f2bo|kDsGk>2;Wtn^e=%T}xgKZha$I*FU+xJ~HeE@mzPxSte5bsybt|L+5t~*3NReLh3GIV(u=Zch+5k#3)~r&f"
    "G=r<`)stvAI-zAhe|6IufC0nF#gMftMApcehkMrmxdVZtp8Hh-apkXydgr60intwePukp<yeOH|G6s@Bg`Xg9T;kT?iU5bet"
    "d6b&cAY6Sv|a*9)DHK|@8k0PrP-Q^St8di^q>4AMc<Ok|VWWae5?G_i%=)VDOvo_qe-y$daEO4pzy3$@n@oGsZ3UGp&#OPDP"
    "wz=$i{LY4_wWK)+&ma<M4b0)NvrQ}?jj9Wy$wac~^k=8EG=7_R6Vys<+Sx1l_Bf1_Vww_RAwTr8#6;(@!sYVg?DDm_ZqNz5|"
    "+_Pjkk@SxdM@^!LLRUqH-u4$!zs`#!zHZd-oVu8%FE$D?MKvus$z!{I!;KxUZ(Bak4NHdE(s&mF9`K@fTotF<&slbIFb@1p;"
    "jg6eoZ@}DRz18nN;i_8>-Lc0d>8OT0c=Iw&=i5uLm58Vl@rOxUlF3S?&=grgHpVIAs!_~&pW}Ucj*WFEG<j}I<MO7#?&JZm2"
    "VSIMsYs?yAcCT4n|`d418Cz#cPrdi(L0^wK$?C<6AI*;eWeM;PM9XiH;sHg#(|c)X5ukEiQPKi1PHg&wUx*RB6~5cf){bry-"
    "(w$wPKAjy67B(q$Msn^%fByhO(BD51=3>>g0=G^n`?YUivN_3n6HFUMr4kx~1x>NVf<K@Avrm>FHssf>ST=(MM(T9(1qS4C6"
    "`<=P1&$sb94iGekMhjqaN_jxERL#=UR*6BrDiE&jml^fSFF@X{I5dJ}@<{ZY;SZ&_?G|0Ck<LUc0bGK?3i$Cqojh0#K-*p4W"
    "@YCpfW8^!N1giPkjPQ!Lu1#$Bj@yc@&WDy+;}}1qgc?ipy+qZ@jo)Yu*aH~01U-lIgOJT4&LIpP?!rF%6E^Pj{AXY7kG-$<l"
    "#Wiel5!k;#pz~vR|6t*cGw8&vfFE|TWl@cY|UG3GJUMt_mS;Jj_4zK|C;JWXkjZtp86ZLg9`$%vMcPyR%=~X4OuDEv~Um`%C"
    "ojX5tSJdCQ`177{g%-MIKzDx%VY9Jr3D4k@@ze3av2iVr<hCwJl2-da+dH+BRDAE|_!wti8CV^2+^8Lmzc8fW1+s?T{_CH#T"
    "p7Z0S9+T4&naK#lk5nVz4<V*mcm9(#MSoxIjY<D;B8U$zzb)Z3AcEy*w4mR!mQvb-"
    "PUOMM}&{ty;eO3QA)wh}YD>jtJjo%d54qK-vZ3%S+`I^{O4w|*V&noDe|7|8(R2+;smxY^-48v?q8$Q;NrK=BV7dt)gB3>kc"
    "0KpWtgFQgD?fR#2-YpqEg;4K9!)(Wcvge>@LwVo^yGqgb5P*d#C7o*V-ZQ>3gY7Qe3LrYOU_RzWpwT`FRmB3Dmp{ZjUWMdN5"
    "wJ%j`b)L%BrgeEe2~!628XHBj+YJ$}a?8k3aKqZBvG&;<f(O<ijRbVKfMVMnq!1fX+PJubX4`h8nk%>MNiA6G-(OMrr))kgp"
    "_ebAlQ#si{i{c>)kdf>hHYL+70IT?@836+?O$=vEGesWf*T8@9>Q}HP0D{Ece8!5(^v55K7}{(aURLV4$gkLXYwEAom}2SX~"
    "u_qiKkKtrCF9%!U!-Ls+0Dga7;k|&(_Cl1=cKInF*q9ycnN1oVWeP6PT8YMqnl&ov0%$&k=P;iVZFT(JTse`nK2#k3LNB1%|"
    ";F94e4UG*PUBeC&cyykM(cQfL=ny8=YY1O$qprD+<_uro#=-fE0-Zi{o4Kzba;nZwJoWX$stanH_Bysr`e+#Un{=s4)F84JB"
    "|RP!Q{&C5hLFBajvXq2;qL~Gsxbry(yUNHW7u^4D~9Q52k-6dmX9~UpXnBL!5mFxB`woABJ-McTS+icpj18Co8cAAh)yAR9k"
    "M3@(LOCj9I18ot0cC?=Yhey%1^|CjQl;vGEyejgHa>%t7=3wbw?2UE2hnO_|`tl=mkaln)1Av73%+Q6NvlHH0S3-M5XcYBd7"
    "<oM>`noLw`ww_-WT7J?t|0M0+yRm{p}Alb@0T1dc$A=gtdM-HfczrixR_vESST(k5El`K^911|h2X*h@Ck+A(+Ivt#CW^oyq"
    "_%AyD8rLku%6T`70&G{JCJA{(VeMdHmN=xp^M7&z~<2WoViwjZFLnOuHD9N`xef{wGZCe{PtZ?!@w!2$p+P5Zu!{g%)wBJSt"
    "Fb2~vFJNV+93`4<kg)3?7C54c+*DsJI8ympxX_+U89!YB8f<|;|1uJF%WWn8Mzf8vPDI3h##epwXJ(@NHPQuRO4Mt|^VqyNM"
    "V{Tsv#{ZEfIS$yGBi=K1Ad*ovGxP^`~p5j%}WIW*UMmo<}(jz<Dij;!!%!`Sh=?lNe*aK0(o!L|Ylovqr%Z7d9$`n;D(AS;v"
    "lNC9N<;1POT{@U)T)`%5t!j6A<CZr5`811*#JElip#?SZ^!lZC_mKej1K}~Rf2=r>qt9Ym%1=clPUL*DzzVWS8qa|)4&+LbK"
    "Nq1e^b4d+vbM2lW@I)Gt)BY8_Lt)5E!&%?H-e=66zdt|4t~#2Jgm|iT#MOVc=2bXV?)3UTAw_GB^k$4yx(t9%FJ<y`R8~%9)"
    "f7ORv%;_3@E%wag*@dc~k*nJG_&{40+M;0j(h^?%YhM?m*%Es-w_&=RvK76njWlbz%4nb`<BjR9^5iCAXH!Rjsm}QCCq&K&o"
    "N4R;LMSSVA_`+7Uv3m}huAno_39i`jXZaS=^s<HndLy(kSm2m_>j!@<(p`BIEBa=@_ZOSj#Ne^%NEpG?kCd=u7T{WHw7BE4<"
    "?j=UZh{5ugt6Z|D8m!sKu5q@U<h|Y0nN|o!mc0Zv}&drffhig>pVbHXo2`<;L1-zzgv%l~D#tc_2%MT0XW9v1`FpX?07JngH"
    "&1Ah=Eh_%p#pH&&M5`ebdSAX<Ye5zB3HXh@Y^}+do46-%lODq)U8H9>KW#Kqp0ok|mM8;m*r?F*wCd`XC=(yFjEr>emx)wQn"
    "O<slmzBAUr*^GroOzn;sa3%OA+86n1FPzsq0+FzvC*Mf<d%dw<(jFD34kZPimn#~?ptdt!E9I^J2eb=<+rA8+E)oOPq<?oah"
    "_wUa^K4GjW_^2Yohz=sz>e0B*K@!GYWJk*YK~;uN<OCbiDr}EvqQM)&kSV`6XTK(3g;(<E<YAx0vCs>O;4>t(fC=T41CSuM)"
    "`QtQZwLDKGgo86eloe9R>>zy8YVA)gDPq_y#kZ2-7HGhM4IfoM0Mf|k&UI~c2H-B9GkrFYQ)Eu?!Z`WHModOni(;Y4%~NE8K"
    "ammdjQ`B+o-Q4giZkDY!8_ym?dX9?(WbZ~gGbFja)8|~~J9vq!SgQKH^Blm?c%%^_@>NF_V;u?&DDT=mu40Okx8Nl-nCP`W1"
    ")*#O9<QCW#i}bvEcVptp8@y|K(twcc&_xH@r(F7nchyy%dH3aA*#$kOgeD$3jf7D3_I7`zOJ1Xh*NUQ+dUFYgWMXqP<*P0ZQ"
    "|-=_{k+;iTVjG&67pM9I!y7noL13feA}Jgd3iRz^UB$Dn&Yh&0CD6gkR3;x#^pg>pg+GCu1nV@={LhUZZJ7H_<69u^Y_6KUa"
    "R{P--OBWUbHIrV$Zle(PI#aXJI5At&8~fa!R+^HQm0*Zh9mR?>nH#KDzEx#LGX}7LU5Xalsv@i_R|x+gm>x`$Q7RgEz{PlHY"
    "U&HmP=VlPc7|ccE0<02259EO+M*^M|zFb4NJK3+Y0yk$5-y!NP`ngycpU$Ej(z!3cPlmt5l8bR<sBsBrmy+od&HQWEoKnA%M"
    "=Z>6I}ri1#DTLdLqj_X3pX=rm)AY2Wgj*Rk2w@mmY2=o-xQV!vQqH+%DkxiVoDv3#Ga7SPN5vcoH0pN$j6JO&z3&W5ydXM8f"
    "kYDVZ`i&`yChR4fXz-JjzXEb;#px&ea(!ce6mP)#98b{%s5nUei#nB7k)B<Pm8icLWy}1c8pcz-7=HyeEUcjsjxqZxe}*Ijx"
    "iOPwSfv{Eg}AjpfEjj8x)Hr$#q>9Z_loJ4eOtX^uY<<hk0mp?KKix6Xak>5ku{I;?kHSDCv*`X6OXK7VCSeJFTYT<rBd#0qg"
    "hio_O%!w{>mT6lk-vRF^69P`V+gBSMvfEmjRx{nZo4hYj^gBsI1v9t>!eBVoR$Ny<vwJ@{3R~a%!1KWEt~~sgzrMBo?B{vKW"
    "EL>wqE>4YoeO@;mrtYqvwo4`}{*3G4VxTIAYpz9T;ynp#2)n3Z@PZ+3}}OqJXZR|IaU3bVMmAo*un)4-87^w+JU{hj>}=;_4"
    "0F|JQ(-SF@_G<OShDezU1&n~ZkC|U*uckh%3imyvxR@VlwA!nSoK!<68aVCRgm!n5y>4<AUaODHj6>P1MKV|p82h0~3h3rN>"
    "$92}atrY0GD6?aFhEdbe3m`SPdfKZgt9n5r`5nLbkYBfF#H;Z83iYb&s9$qMsUAG=OX_;}jvd>F`BzJtR)hm@z7Y2A^%e0!j"
    "631hb6wmhuE`v`Z=C#L&W)1{6UovhDQD+^i1%2`p1bdh^s?l$mrV2FRS7oac#Kz}r#FdL=0Ku?-B?*&CEmphzVRkyC(Exx#0"
    "FGNE;H{`Zd3m`|MFW~aR&A7#aw#OZ(gq};cU_5AJi)PfGQ1tD|MO&j}#QGF#Ue;gzBPw5w9NP-D$2!F3&RH?j2U0*-7Qt<Av"
    "1=L3cg!%V<^q@Zi~@XuXCAHLsStRnWzLZxmJ0a81SC5l0W68B5o52H08K1Kf`;T5^8tzPPB%J7;cM0jBA@2__eMRBtlNv(<P"
    "MPdt1Q{%*mLc;7aZ?ef>x$z2&dc--l27visZA>mk8{4tWwb|eM&tIO{5-x9j~B!53}6m#?q%p|Al?|2cNH|WKAJOm<)ICs>f"
    "`}y>|mt+{jGSV(-zD~1I->`+OJJb7Z^P6<g3G-HU^rO>J2}U1GlFrkeu4Zd=hqBq0u)fBVj@CnoN$*}hKA7ji@AY4do1u9iA"
    "^G(UOb8366X0d+^0=)@RV}QEkAwEcEQ*Td49$5|!h84I2YZJfPX^JulfNAf9)wETLtms(jf&IV(a2V?_>(5Ve|A47>E%_`r9"
    "vPu(<}iNVlPEerv9I<pLJn1&$`3tlU1v{PN%$1DJtpjcsViNJg7+Qr7=>YTGX5rVCftH+PQzzIS{(dAF(57@A6s4waqO*4S!"
    "x!?)j;ETN`@Y0)jS}SDV{{Vre{1e`o#>qeXq(wHoKM(IqV8lD;U68W8Js*DoFfA*f(|JD7^tv0<EhTcXEIZq_yjd&Yh#2h_N"
    "q+UssW^R$)gC`#`EJKTtNe5Ut}i16*n9*JL9ZEX)!h-ODIV=q+5X-7F@PqY~+FcE%(b?Uaq_7&@Jr~rL@U|Xe)MUv?Qp8szu"
    "0G}*{1bq@f{j8kkX!y)7F49{Z>u<tuy1(UV=I`vEyopYZw)T$?4~_@X@yGY?cYYlllMk-p8xxA(WFQ~EaWp4gAU$@w9W9$K="
    "LoEwG?!7g6&u3$)aLs`D0s59vm3qtxVszuxO=eu^D!??9c?Imcy#dJqO^vXij(Uo;n5Q?+}@H0kB=4?x5nNe4pc{j$~WiPB2"
    "uex8CQw5qPWX2D-r}X_aPgrK!V#k&^pRxkRF#ADgr$NNuvx$laGNzsLRGcGevcpHZh;72LVfNv2LuE8ug>RKoh0F`CP(!_kF"
    "Fv5G<j)p6C+un}A_HyvhsH649#6z<3(Y#-K8ZP0{-BiZ37})n5O7^A<TTr)HgFkNu$uBixV0gI1UEv|d~8OFz)n+D!%UTb+u"
    "@Bu3)IAS8R;%?mOwhPaZFXAfrCwCaJDEnhPMBIZAQ>2xph0wkSJlV-5D6}=m5Z~ZOM{n>m8*TTnYp*4MLopY-9>P7+Q*S9tA"
    "ep%(f<rft)vxpsW+zC;ww?r*d)P*>UIF8FIGGuoPSeNh?Tk~$YEoerh#-Um8QVXpL2}T}bvgVnCveI;(nYzV0%KmUPwK%H0@"
    "O+D&HAP#*VOiyj;7rvPLX>tNIm}qxm=V?WC(l&`LuRe`Vw2TY=f`YT>p?BKy^)~`RZ(#Rg7Y@4&~ZjxS5KQiH)hyx%d+2+X@"
    "CCtaHqQK0Me3rf5G(o3#Q;V)9|<5$t5DCWac#F9LYw`q`U4@+7}(B7Lfw<yzW{N9KigM^wfQM@gVqty~YQ6+i7S+F=FrDU`k"
    "S$fj7zF9N%18pG9aee8qS!633IWGv~N`tL(C;T(3^o1t#<lwk&Xy9I2a6r^p##JdW>ro)Xc+c<L=gm&U>A1S`!4mf|VM(A&s"
    "fZ7h+nltf_KxDeOu7ato}YpP;B+S0QVU^-V3o%Tj)OxZOj_Lqf5x-qK<`Z_{;14k|{Gt$!v>@;i^=wMSwt1E(4kAj1lFqeaQ"
    "?@?G#&&)Fw_}W}IOk#5u-dN`=82nnrQ&E3%0}=A2Wo9^NWuIQa9yP?Z%CTzM!PO&9n|GRA>z{eqRMQ3*M?`n?hfVhxwOmTI="
    "p|43k&POfCOCObmg6i$s2wDy?-*&X@vE_sL1JN<i^1x2T<{Ju<IXH`ECAK7c^Mf+lxn2KsJbdR^UD8&hgp)d@jfu~DlkQiIv"
    "j(-+K;yD$rL<SdW?lQu!#$`o5pM|bX_xM-!S$>+)En*FoLG=Vxa={Ho}^S>yuP5ml=}7eJ-+%Pr7XH8-m_Ce5MKgzPSWgN8Y"
    "sMpl|$grFmp|&NO>NKMMX87V}X$GS=GybyMif)CdO<I?>$4R-*qUE3RXyYSarzR)M5YbX#jE{I=h48mB4SFmzyi$FY)R0i8X"
    "fpb`<Q;_|yeH`Cj`%g7BD=v7~J#wgujG-G(Y^V6!=?Boo+M*pUXVjF*;rCd{{+mttxz9b=K#7F(GU1LCpo(xl&_w}#`O{&U5"
    "eed3#Z4w&kVQc^%MCZp|*l}Zc*N{XK*^Y&rLN$Igjdw^$!KO4#c#O0xXXmtTViRl!h}L0}?V#4MdBEo!^?|$?KpKqcl`Xqju"
    "-@{6DduV_f!-w+T%(*V&TeQ0PO;J%6Ghg$RnOPx!e6e{3*u5{J8Kq5yMQbEg6B|4p$@*LFvTrH>s+(B<Il8gX3;XhW>=hZAG"
    "b}LW??Nqy0tT+3Th@~CvXULX+t#W&hpw+c4Ae15DDs6=6V|Dc^MQ;VF#;*n>-7qSHU%?b?1U}=$|tyoB0;lPy!b82LUvtz6J"
    "_fiizXorqg<5UWA%0<t*pKc!|T9{D@`4N@ruiRF9QK#X4c=F7;mwRBz?W7u8_CG+2=TJ=Xjbk&JH=6;0<9d2AV)P4S?B?^1i"
    "UT1xp1o~*}sB#WXaTTW+16s$vtX4Bt0@(?>~0~fvPo_8b8QQtJgPO@Ox2YK!vX!AP=til&41flornS!ft$zb6TL!oys%0IBH"
    "PSgu(!VkLWbi+6%PI@+C`T1|cCxXRF;X8qXti1?z1d0Op6%uWvW59~|Gk}_=!|QR<9nB`w($^Y<c~#}ZeB9>+e%kr))8P07c"
    "REiFwhwl7Nay1mUEjZt({l=9#v_2fY$Wu?pihqb-|1CEC;|{i+(m@DwX%|4c8O8OK6j@TA8I-qr(p2oai7m?r{ONTp9^47Uv"
    ")=spN_x@EH!ZEps_d*6xp&A4cBQ0J>(c4!&MXps&mG@w?<JKvuS)sXJvRfc~sZhQPxPvViBn_4nptVMx1k;v3KnAc0_50!Z&"
    "pkzBzlKTqukaWN~W*A3RZsh|s%de{kKn4fJhg_ox*0QBk7-<4(y$F6bDdZwwC4Ns%<p3C_TXTImyy;@+;orLqknpymoU)wnI"
    "&KDE0iKSgTSh&?y$8=3n>4f{mx`$MjMA;*4@dmm`d{!i1s&z$|9Ir}{J{*EA;iuIbOcz%-FEWc-l=?3By8ZE!inp9D3#nTlE"
    "GkFN#Y?tQ;dZ0W-QZcHviD^D8jf(5IeE(d#4#x$++~a2prkv`U;i>kb6pvZEQIg@<dl@Z<U-U4pNx4{?QF0p(tA>`}G_?GN0"
    "&elZFRe*YgdX%x6yb62DC+e1c0Zo|Uitr)6Za+"
)
_CODE = zlib.decompress(base64.b85decode(_PAYLOAD.encode())).decode()
if "MAX_WALLCLOCK_SECONDS" not in _CODE or "final_int8_zlib_roundtrip_exact" not in _CODE:
    raise RuntimeError("embedded training script is missing required launcher markers")
exec(compile(_CODE, __file__, "exec"), {"__name__": "__main__", "__file__": __file__})

====================================================================================================
Running Python 3.9.6 (default, Jan  9 2026, 11:03:41) 
[Clang 17.0.0 (clang-1700.6.4.2)]
Running MLX 0.29.3
====================================================================================================
WARNING: disabling MLX_EAGER_EVAL on single_microbatch_path for throughput
run_id:2026_04_29_run_0080
mlx_version:0.29.3
train_loader:shards pattern=/Users/frido_mac/Projects/low_vram_institute/third_party/parameter-golf/data/datasets/fineweb10B_sp1024/fineweb_train_*.bin
val_loader:shards pattern=/Users/frido_mac/Projects/low_vram_institute/third_party/parameter-golf/data/datasets/fineweb10B_sp1024/fineweb_val_*.bin tokens:261120
WARNING: train_loader:subset dataset:fineweb10B_sp1024 train_shards:1/195 new epochs will arrive sooner than the full dataset
tokenizer_path:/Users/frido_mac/Projects/low_vram_institute/third_party/parameter-golf/data/tokenizers/fineweb_1024_bpe.model
model_params:17193546 vocab_size:1024 layers:9 dim:512 heads:8 kv_heads:4 seq_len:1024 tie_embeddings:True
iterations:20000 train_batch_tokens:6144 grad_accum_steps:1 microbatch_tokens:6144 microbatch_batch_size:6 val_batch_size:8192 max_wallclock_seconds:600.000
mlx_max_microbatch_tokens:8192
optimizer:muon+adam muon_matrix_params:54 scalar_params:44 embed_lr:0.03 matrix_lr:0.02 scalar_lr:0.02 muon_momentum:0.95 muon_steps:5
val_bpb:enabled tokenizer_kind=sentencepiece tokenizer_path=/Users/frido_mac/Projects/low_vram_institute/third_party/parameter-golf/data/tokenizers/fineweb_1024_bpe.model
eval_mode:doc_isolated_sliding bos_token_id:1 val_docs:233
eval_stride:64
compute_dtype:mlx.core.bfloat16 compile:True
dtypes tok_emb:mlx.core.bfloat16 linear_weight:mlx.core.float32 skip_weights:mlx.core.float32
final_eval_budget:estimate_ms:43018 reserve_ms:72000 estimate_batches:2
quant_aware:train_seconds:48.0 iters:96 every:24
quant_aware_lr_mul:embed:0.6 matrix:0.35 scalar:0.8
quant_aware_proj_mix:start:0.55 step:0.2 end:0.95
int8_transpose_suffixes:mlp.fc.weight
int8_fp16_keep:count:9 tail_full_blocks:0 tail_proj_blocks:2
tail_recur:blocks:2 start:7 active:2
decoder_skip_alignment:start:2 count:3 trim:1
tail_recur_order:reverse
tail_recur_carry:decoder_output_anchor
tail_recur_curriculum:min_gain:0.35 ramp_start:0.55 ramp_end:0.9
tail_recur_staging:gap:0.16 span:0.12
tail_ema:decay:0.94 tracked_float_kept:all tracked_proj_suffixes:all
step:1/20000 train_loss:6.9419 train_time:10ms step_avg:10.22ms tok_s:601493
step:2/20000 train_loss:13.3259 train_time:1603ms step_avg:801.70ms tok_s:97334
step:3/20000 train_loss:10.9044 train_time:5360ms step_avg:1786.53ms tok_s:176638
step:4/20000 train_loss:9.0017 train_time:11886ms step_avg:2971.59ms tok_s:597736
step:5/20000 train_loss:7.6759 train_time:18521ms step_avg:3704.29ms tok_s:287197
step:6/20000 train_loss:7.1240 train_time:24930ms step_avg:4154.93ms tok_s:506405
step:7/20000 train_loss:7.0724 train_time:31933ms step_avg:4561.84ms tok_s:383972
step:8/20000 train_loss:6.5355 train_time:38928ms step_avg:4866.01ms tok_s:228735
step:9/20000 train_loss:6.1921 train_time:47514ms step_avg:5279.34ms tok_s:97737
step:10/20000 train_loss:6.2773 train_time:57473ms step_avg:5747.35ms tok_s:76763
step:50/20000 train_loss:4.6491 train_time:68339ms step_avg:1366.78ms tok_s:680807
quant_aware_roundtrip:step:51
val_progress:1/255
val_progress:25/255
val_progress:50/255
val_progress:75/255
val_progress:100/255
val_progress:125/255
val_progress:150/255
val_progress:175/255
val_progress:200/255
val_progress:225/255
val_progress:250/255
val_progress:255/255
step:51/20000 val_loss:4.6296 val_bpb:2.0522 train_time:563745ms step_avg:11053.82ms
stopping_early: wallclock_cap train_time:563745ms step:51/20000
saved_model:/Users/frido_mac/Projects/low_vram_institute/logs/parameter_golf/2026_04_29_run_0080_mlx_model.npz bytes:67748186
serialized_model_int8_zlib:12824236 bytes (payload:20615460 raw_pickle:20624932 payload_ratio:3.29x)
val_progress:1/255
val_progress:25/255
val_progress:50/255
val_progress:75/255
val_progress:100/255
val_progress:125/255
val_progress:150/255
val_progress:175/255
val_progress:200/255
val_progress:225/255
val_progress:250/255
val_progress:255/255
throughput:avg_tok_s:555.83 total_tokens:313344
final_int8_zlib_roundtrip val_loss:4.6293 val_bpb:2.0521 eval_time:40480ms
final_int8_zlib_roundtrip_exact val_loss:4.62925521 val_bpb:2.05209420
