/Users/frido_mac/Projects/low_vram_institute/logs/parameter_golf/2026_04_29_run_0088.txt
WARNING: disabling MLX_EAGER_EVAL on single_microbatch_path for throughput
run_id:2026_04_29_run_0088
mlx_version:0.29.3
train_loader:shards pattern=/Users/frido_mac/Projects/low_vram_institute/third_party/parameter-golf/data/datasets/fineweb10B_sp1024/fineweb_train_*.bin
val_loader:shards pattern=/Users/frido_mac/Projects/low_vram_institute/third_party/parameter-golf/data/datasets/fineweb10B_sp1024/fineweb_val_*.bin tokens:261120
WARNING: train_loader:subset dataset:fineweb10B_sp1024 train_shards:1/195 new epochs will arrive sooner than the full dataset
tokenizer_path:/Users/frido_mac/Projects/low_vram_institute/third_party/parameter-golf/data/tokenizers/fineweb_1024_bpe.model
model_params:17193546 vocab_size:1024 layers:9 dim:512 heads:8 kv_heads:4 seq_len:1024 tie_embeddings:True
iterations:20000 train_batch_tokens:6144 grad_accum_steps:1 microbatch_tokens:6144 microbatch_batch_size:6 val_batch_size:8192 max_wallclock_seconds:600.000
mlx_max_microbatch_tokens:8192
optimizer:muon+adam muon_matrix_params:54 scalar_params:44 embed_lr:0.03 matrix_lr:0.02 scalar_lr:0.02 muon_momentum:0.95 muon_steps:5
val_bpb:enabled tokenizer_kind=sentencepiece tokenizer_path=/Users/frido_mac/Projects/low_vram_institute/third_party/parameter-golf/data/tokenizers/fineweb_1024_bpe.model
eval_mode:doc_isolated_sliding bos_token_id:1 val_docs:233
eval_stride:64
compute_dtype:mlx.core.bfloat16 compile:True
dtypes tok_emb:mlx.core.bfloat16 linear_weight:mlx.core.float32 skip_weights:mlx.core.float32
final_eval_budget:estimate_ms:42879 reserve_ms:62886 estimate_batches:2
quant_aware:train_seconds:48.0 iters:96 every:24
quant_aware_lr_mul:embed:0.6 matrix:0.35 scalar:0.8
quant_aware_proj_mix:start:0.55 step:0.2 end:0.95
int8_transpose_suffixes:mlp.fc.weight
int8_fp16_keep:count:10 tail_full_blocks:0 tail_proj_blocks:2
tail_recur:blocks:2 start:7 active:2
decoder_skip_alignment:start:2 count:3 trim:1
tail_recur_order:reverse
tail_recur_carry:decoder_output_anchor
tail_recur_curriculum:min_gain:0.35 ramp_start:0.55 ramp_end:0.9
tail_recur_staging:gap:0.16 span:0.12
tail_ema:decay:0.94 tracked_float_kept:all tracked_proj_suffixes:all
step:1/20000 train_loss:6.9419 train_time:10ms step_avg:10.18ms tok_s:603882
step:2/20000 train_loss:13.3250 train_time:1665ms step_avg:832.26ms tok_s:63361
step:3/20000 train_loss:10.9073 train_time:5847ms step_avg:1948.94ms tok_s:76179
step:4/20000 train_loss:9.0031 train_time:11642ms step_avg:2910.53ms tok_s:340876
step:5/20000 train_loss:7.6774 train_time:18018ms step_avg:3603.69ms tok_s:209944
step:6/20000 train_loss:7.1258 train_time:25877ms step_avg:4312.83ms tok_s:228064
step:7/20000 train_loss:7.0735 train_time:33346ms step_avg:4763.68ms tok_s:194713
step:8/20000 train_loss:6.5366 train_time:42039ms step_avg:5254.89ms tok_s:218721
step:9/20000 train_loss:6.1913 train_time:51386ms step_avg:5709.51ms tok_s:276646
step:10/20000 train_loss:6.2767 train_time:60937ms step_avg:6093.73ms tok_s:164772
step:50/20000 train_loss:4.6481 train_time:72964ms step_avg:1459.29ms tok_s:731023
quant_aware_roundtrip:step:51
stopping_early: wallclock_cap train_time:574945ms step:51/20000
serialized_model_int8_zlib:12665947 bytes (payload:20483364 raw_pickle:20492785 payload_ratio:3.31x)
val_progress:1/255
val_progress:25/255
val_progress:50/255
val_progress:75/255
val_progress:100/255
val_progress:125/255
val_progress:150/255
val_progress:175/255
val_progress:200/255
val_progress:225/255
val_progress:250/255
val_progress:255/255
throughput:avg_tok_s:545.00 total_tokens:313344
final_int8_zlib_roundtrip val_loss:4.6309 val_bpb:2.0528 eval_time:45237ms
final_int8_zlib_roundtrip_exact val_loss:4.63092852 val_bpb:2.05283596
>U)%h9-Z14%o3WtI+*tLCAjmmAz~mO(xhAD0j|_+%AeEp9;5vbeH;g0u6^TY0%L1Vi>X=T8vwuahgm!lc6?J=m~_eKfePh22E_fdJR}XA%YmTzRO;MY@@lK{g$fDUs*vbI@`31GT^Kf?w6wtKnO(vRq7FZm?-&dQuUy1xsX}S4nhk4i=hPrgO(Tj0>j&;59^yR*I#X}TVFTW*NsLA@o|#gPSZgJ(}qYT(8VcmPv%EUIZZkD@9C{<o=JSMcn6flDg>EY#R6}Gx~n>%XF44l(L5&H2;w*cAqLvMi=srYp3<{TNoj>g6yz5dWm@%gOl7ZF89557+8l&2(4+u>E}neqa=?840?t6y7n_LQ^se_l0WGr4qZ&@I<S}shWZYd*Q6J>`jYFk&qoE^zaXp5tWAzrd!!O{a2=F;Yd2<$#tPoO*N9?FdJQgCxun%Evw_5DG#urHSCKDG$J+8J8tPRrSkeQS~k#rbhXj2FO5xQQxeWqJZlf2R(S+*7t`hDhxvFzsoYxx4->gr>ch>uT#{u0-8n!`MTCE|7=&W6Zs*3B=Bdhnh-m>+d2p|I9|ng!)Nwb_*FHZE<m60kyv4-P-9+lu@N%E&h5z1@}2e6b2fSn#I+)HSWywqwF70FKqFk#JR~p<bO643rTZRue%FWkcs9i6h*y-{0B)fO8K_QB>Nf-R`}@;UQ?%ROSQGy>~|GLBvrY^~>(PMT`d*Vte_KG{`t_RIB7V<qnI9vL0-C<*3)HfTm^Ba!)T%BCDCov}=0()*etXXo%F?p58;^el;VfCZg$y5NbNM6_LcS0ScD}wAVK4nwq;-?^Gh#Rk*GO*Jo{aYSO1(aBX~{p0DX|4UHc)CLjY&1oooM{841n1C<B)WB``H1pem*xWc(^@ao+h1<4<tSC=GGpnxV|1XqrD^F8(_G647VA8nH-kt>eRVJBe7w3umflih!+)NIT2Q8p>^FxOA%HIxlw+2^x+5>r_>NHuzPXc6<aS9M<(vSF%l+Fjc?>l7&|<{=s@hUtv|-N~{W-8n^t&yN!>ycPNmydj;Ut*9E_IUo7N-3CP@9qwk6G%3Q#q{G5R+n!0x#uoUd*tU<jE1vz*XW49;7N8BvsuufWz9otd?eLZvSP2p4P?nTj9pdHdtR+t@tY%?)EHvGY0NX=D$+i-~=wMVj+B@C{({(@pJC&;;)Z=hacCi{0m`0;x0JDYWKDt{M85%V%W{gDShCW2jo_6HhqF!uFVaY+$pjF6bQDdIB_F6IqBpA=iDmYI8%1u^gxPH#>6tI@jl4|2mMz<DfQdO>PQoys7Mpd<^aBz!Abb1Cfvmm~rj`xUgz|dTXLMqF$e+o7i>Z7b6x|rUi%&~fuANI9w0d5Qj7x`yq+a~sd_!Cqz_y(<5_@`}`y!Mu4Ejxv87B7q;Pzxf#9Na8y97JXrhLYG(TjPp?r$FcRm0$wHRm1oe5;HWYghvXJVaDR>8S6q(Sf)L>)-2SRGp=V1^s{Hd+Ir{J<N3;Y`5TD~a?Y|L=FT8l<dbL>1{3&>6f{OvbKXZLn(dBs)r9EUiUN>PFSOaETDYFyf|z+rHgcmHx%q01NLt}AhLT%<l0HS_d_vnp0<+@v+=|%ZC$R|G{1sI`amjQ_>R-@hY9Ut+4J`tvG*n`f3_6-u7&thb4XQYiQsq;Gp5B{?`E7e@R^qNkdEILbNEEe91?A39F+cf@6{&9l;~Ea{gv{I9JzP%48S!|F3974XIHbcRw9F&~%XS`k84Ihs02^WjwSGTp4YRW|K+(~RTa^Qt;0=UizF|(x?{Ne4$yEk};!mnUP&a4;6ITdy-PX6PqKL_2B@rl%kgHMAuxjkhWD&A=X182K06NZHf+i^B>zQEoQVd}Yp8#^Z`pBwso0nB(h5%TzWtG6}z$XthbfR)-5t_cZN77J6gh)0|a`>@6cgizFP0XEb8-0DicQD*f6$1o*c*Zvt@Y{y(n{w^ZsDQm88pYqCITMW~$982_?IE>MblVgS`60;xo)1Wr4~<3O;|sT(5qvm2S%eK(ao~|1+Wke0!u8M9gd9iS0Ae4bsSkwqwC3STQB5fA!uF1VD0vz>^L-6wC83^!6a}5}2FCa@uY!A{kmI^`DaX9h*2{18(xSnhiM8X>M1nG@(--mTp_&*z)tbRWOPz5T&MUM^J|<-#r*w11o;Et`^;OQZ%OV-apnF``#3Fvb^WkV~FFxAZ|4|PK*9|Hi$Xl;-o0lNOYN=tvvT$U4#ZV0F8v3%cYHJLik!9UW7T5etCxaaKve???MkxOQX6B|_W0=<0SgQjp!RRs1(`3SZzZgB@EHI2&i|X3dx`M$+v{lE$P!M1Z8uj1+bqfhXZw(byL}T5y#I%qnUC=6Q*!-V62m%kPDB}9+h`px#<2nLz7vF--=!l+vW6m;VuUVTB9C-n~#uEvkri3bXX7LXr_?>!fOeAY0?CmN%3b>d;XUC%%oX2XVcFbsl*P0u^3z)wj1@5<6V_K}+*J*4;C;K_=nX2J7`O`Tm9;ERrFRDN(9%a{Hd^tscxtyc6FsGVTqU{wBsyg~%VR{VnaR)~(8HJv5Y%2S`EFK|VV;M`eg^Mn(wU7iU>-0*)L^35IMG;lW<SJw!g6E!6s#PRP3T87a?9*<iMS2rwLk$;mpQc9R<*oN@foN-j7)&EQ)fRyrkM&%MM^V-S<N7^Xi5!1ebtRMsPfG@dra%ovv)ayv8=K{~a>dx2=qMG$55;4bWRvNvGDpkM2XO?J9ZA&arGrNwrckyv*Xwh;j%I-&2*pOP3NSRbd68daTELcHO18~$l|~lhFQ?fV?i}4(0p--X*onPu&u!9@zg-6y4@by^QsD|pdsBLyV$Vg@@8-!$c6fk@=GXv+!KGI}74Xj%u)c^S(|l^}c-sW6Q^r;Um(*g3I#R86SyIVlGPueMW4cKBL9y>hF*!&wzJVdwW@?aMY||%Llr9ZfDK?6#ku^V@n%Z332PNMUinQiL@G6sx_SaL1z*((Vz-&#7y4JSh{9gI4wb7nGAwqpD)`DA*v&08@<8vF<#(T+z_30+Z;w<DX(-Z@Q_)kAORXUeg-YkN$ESuS60e03`V4m2f;*~DQwzU^tqiJCD<G19aR+#Ft=36EBda8$di4{*QlWlUNy^m3sTD<Ldy}HshQdN3xHO=ByX%gP!Jz$LD0HtMTP*AR&Nd@Zs9T$n7{qZP((J4}N`e*s1*TR5l&80vId&=2(2}^Ur4ewizkwQTeitPX#vHRju#bPiiw;V0GuGau)?IlQgT6WVjMNj%^*O$GQkE@TOF>gyFG{9;(>rS@voF96esD+2SEqG@3QR|NYBZPnZMTwmh<Au+9p}P1GM&e1%r};R!&Bn8_h^a>?dZ3Ko0rkgZ3+#J*A(iwd5~%ofq#mOM9*~`l(_5ic#~1P-1-VdeDX1w<M)~A2#t&M#yHmdTc&6%j$IOgXLYgZyJP4zx#4&+YLZkK{ZuLhPYd~o6(KbhF(Gj;g?J`X^9r$+fET7bFXI!Uu!g6Avlav~;^d8xQ?i84p#Y!P)$4nwf=nnp|_V%DQ9%z9-mbY$palt&Q_lz%V&K8Ex>Gc_llfTAkh@c;or=v=Ro1+nVItf<uO*{K+<W6cnbfz;o>{X{BD}XuS#HzsK!p|21fZ4_@!&8()4-?u6Ye6Ob3Qf?^cv%G;YKzKN(7Nc>wK=cys4xqOG!@V;qp>WR&no{JL6{H^1{b=PE<c*M25Pu%BWH{81y51Z=-VG);^9b$K0Pz0BR{F<+4NA~dkDg8D^4#E=q2u~D!^{Byr`~nC|G;44gp0rm5uxumLEdwgwP=)Itz!#zLD)S9crq10G?a#K<}_3%wbSi52rA(Xw*W1G(Wp2)rhHWTylnl8@Y@J9peGw1DS%hmK{-`V;A>g7i2a*p28-9_cSQM?<jDg-fMPLg1oFSyD%!;RMA>ixB;8coZXol4cCsd;W}bxd>C@#oT%-{x$e;NEI((}RoG%?Yp2B=Hh6*oBh-4qCjCaIM>4q!wL{?7_Nnm3bKP|t6g(l!({>C4GA#mQC$6a*Vo~cP#joKtcDJRwp<1Xma#DN;l)$9JUqS?NBydUxF50MuzJ3+IdhxoJJh%=qk_G;RHr7G}vDs_Kwotkt?7m3!+u4Fwp>_NsDJX41kyL4q7QT@v$lSHZ%tdAIl!{UEBi1lIZ=RWDfnhLsB5jccDoe_EkQW6@c1>r3RS92L*gRRTFEZKC@7fQkHq@Lp(b$lD=Rcz^l6hG18-^00Ui))PB8%3{HgASVqfAYfM_I;m*6p!8k$Sz@!FoD}G96+XIZ=VN>U{37zoA@C9U2U=bO<uj$$Bgs3hQZ){UIG#BT~C|nRSc_XlNtGnvxm`Jm^DIhqtQ|Xl*9b>FADfAY>r?OZULuy~zf<Ts1M@o;^hKD{^h8xn_HTHQYcbIoEU|857W+mSW0K9tEy-S<0IxVIJ)2a;9Q^sn0C}z&E?}PTC`*;~SaHYjcV%4-V7Jy&j_76pCiK<ipjo_cPnFir*g{?2*91{t(C(H|1Jn=<pwr_G#m__G#la|8#DAJC`3HoYXOxZF&FWUVk?blFTV`d~$H4a>R=e#SLEYuzwUE9sHeTIi6eU;QjmK{z+{y%1Z`ixBL4iJG)ron{PVbeDlqlm){1ez~A7#xA=3+4cS@eO=4nJ7oa~YT5SzXt@;h7{^JO!G7<}KLk22Z&oOTzWqNN$#aBb+(W4^o4>w-Nl;!aK$K73?in1=fd~F4uWYj7^U0MdBR)J^3WO;G-w&HjF?X6#GdutYBDgIsxgiemO_Kyz_j{EWP$M^4de(tNhMkQEP*)8)mvB$csMlKLcWrQ&q7XzWH+c}FENS!RS9&l+Y6j&MuaT*;lp_A%$cvxT%3Cm#6u@Ko32!4BoNXtO*yo?$}7$%gm3Xh!#aFOx)+W-2-_gV{95${cUX)n#P2Bs|GvWBMzx(kG59Em5>n6tYO%zG;q#Xi6-wsEH1dkOz~Hx%qBYcn|nwhMFp4NIo@DU?Tk?R<8;Ifo(e@q)o0GMlW97;Ux_tFbg{yu8Y1qhT!1fW(xX8Vn7E3TnDw`^&STG8v#u3&cMw%MT466D>Zyt<_VrS{Pl<XW0nDiGVs6Q|JyR1ESN)W$1)7*MtC5hQ^e64jCO02&oTM=vyM~m4>}{^i~*waP>TnMJ8&ocABDFq!$z&e<950d)d}QN15=5sgUZt&T8Q0LG>&3i@KvR*x#!=<_un{Gc_@*zx$A!cC~an8pcNWvIilfa~n^N)n@m_nUUHCq3RrhRv$5>7!=DgFDwS3Z&&)(Y*#KsE1Rfbq+F2s>IxSK@>uBvsZ}d2zBWLCmwY{>7h%0P3Qc4rWc(;FUZ_>$M}KPjf!9%0S4BR%yo&Q8yNpQ!8T$&dL$*-E)N`h<iiX8<SIy7d*me%aqns=UIf$0aSw1USCoGAp<-dc0CbY4+d(8~dZHoupdEo8yDPoTvV!T>O!jw8sr`0}P+c;YY)h0Q=@mk9H21CXW{Oy%x8st?e2_BmdLP{?*C$t<LYQUqw|18oT(qtF83tw#FEne1WxjE~am5B)9kYBXjlp&5a=A{YN=P|KNUt*Smp*>01qA}7+wE38Sj#;iS)(YhvyuhhNTcI1Cb8!M1CA<-7WYY1px(f*<v1#EwRHxF6;AMFQ(Fwb_rePv?-<3@dSjEYCDUBF`DbnS<3{_pHO*|+=`E6wp4e@m?#V<RU*U*T-xV8yVpr!#RA^Y)`Gi<M2`iu^ENPH+s@5ZLJQBPycumwEW%o?R0T-jt0<5`EO8bbAPp>Y(rOlc@Fp%DC#K%!txAgaYwIIsL0V@Q7<(IR^bR{iE*aElB#Q2CFxmT}H&Rv1U-G%Vq7fyvcE(ShfzZG{&GjBfrV!gktbUb{E-O^BSHjziG9ia)iZ#R?j6>2;nTldUcYSz8-E@Vd)r9(={Z>b#oG6Ze9wM9-Xk0*>R%QsQ$<PSCG5IluD6Y!a@Y*m>xunQ~lSs)?{-jk;v6zOmN>Z^S%kdnSNjtlDrel<mPFekb0&#d<QGdEI33j)Z^CsHxHxW3=4R%o`S-vBIILq4i*f(lkbemiz;u%&^S9_+x08V$i7N^CZqpS5h$Ya}4l0i!`v94V!C60;{3kteMV_2Z^xc?Q@GU&NRQAU$Ix;74<|vWf+w@d!nh%a~oXHw9q;XqailuD4#3thbS=-wrDeh9m+(<9A#!Dv#1n5bz4ckoa7VdJ)VOcWs{V@V<}+q0}c5!xuXP+?5)Pf#g3%mQ6&Xhq|9b>%1xY2ojWzUaE93m4NKK7t@rTEOuETS`1@f%o@nW9wUn!v4z4U`=PZ%2w09!8S(8mJ?bAF8D~G0MZcb2b0!Z6xuJvMt?eHc&qayq0G~@J`I4rg~nWaXg+heV4lPuSGeRR)nb#o{+YoR@tUI=?xf?%D+XrK*f<7k4efk~4i(}1frE2-0(=oTzb_Ue<VFKDK>K0JB-St!o*WW8Lk=d%-i98Mf^Q-+}8lS?`S78sRJd`QsUrXIs}*;91@Di@>2uRS{dRcD%9zQ`?D+Ubay^&DT|f!r#NTV2k|1|u}8rfCr?H8#F^(Na9ECC3LU$!G058zcD0uM<&U7_Hz7d(ggUbGg;kXErPIAna}-y;Shz`LCxf{<cL!%br~)02fncP5U!}VB2B#CoPS+Ur?ElYf4cAHQ#g<24F;NnvilbOl#E>Hjw^7Zw}y{A9%`%DHbob!gc@!#Um)$ZW7;a)jGl`P&VaJ%PsQXfY(5M3z{>4Q6M9Dl)(Lj;#Sr?)u!;7D|$c0lc^9rTy@lRTco+Q`b9=>tpPFEj4$}i9SK`i;tPjYYBIi17?CkSJ}4(S3Fbyc9ivBmaZRSSh+&oXK}ZFa<%g_hBck)<^o814lh=#ux`EguwpXT$jCfkr`){yjPoKX8MK^$Z5y~)&idi2ko}SjT6te}d?!rIor|&V;ScngKUWJzv1aU)ZPSw;qtI;pDsipH*&y+Wj_IZX?QMqL685u22Q%pXxlM3h=nXOrwO@IMT25G21MQl%-WT6e)unRFFn=Y6^8?-9G)Z}U~p0$YSpsR|4(2{MNn;?sudgfud$0^ck8+_&I)X=Z672``ZZ9DbFKr02wz-Y;R8DEP}ypz&^a8t|r!l?oAcoo?rL&`c?p|LwZuM2H4P{Uv~?&=C3w(@kgDRre9oqV25XqE%>actTGT8=^chPkeeZ>%ZSWQ1o{IIF4h&q*<ST4uwOBAS<lnaqbBsKulM4ZLseZn4;S$!>Aa1^u!pa~5T4U$j&0a75Ol6_ZEeeBfPOqa}meKiMt2sEq<(Svmua3OUoLL;dj09D-}aW`XBc$hi?Tt5Tqu(X$30J9X41PLTS!GlyV=WZTVn;b;k-Xm}!sS@q0{qt>ISO5C0Tkvz@PK^l){BJ8`I0?nr5&N2Ufh~E#3e2|vV8z-6M%2Hd&+=eNqu>!+mJIiTDy$j`~+js*YFGV+v>NSlNd+b*1q)eGjjy+=BLgw=lpo}dNXnKR6o4HD$R+?ZgKuqJssImwQ+!v4eIxFLIoTW)|7xPoG0tQPtHy;F!HLIEpwNyNM$4#XGD3{^!5lm$;3Pn}6aOu-*ay`jEPyC-|z-QH$?i_!buY0GWHmZpvf?e!zOzK)O2hD)C(TonwUG(2T8$)CY^g^|x<3XQ{qiX->cH>RU!o@oW43tnmFg<!43HpoodaNwaF-+RSFk)$h!q%+1SOatn0cHY-{MbeQQCZ>FQ)ff+Jn*Ys=rf*YjHgLfgz`RW9wefF<}bDNEw(x6A08FLSG0gX%uq(tEnyNiX#x4@M%*Qo45}GkjH+(v<^-Xm2^u7Jp;*gz9d}!)3s_UHG))RTD$&NHc8>hf3v!0)U=yjdedA=3U8H42{m`!e(%L!QI18Q!Em5-bYnk(_yoKqY!@#w`u2p&})Br1NvV-o(GBg{*o9aLe-BuyZGMF|!bDoJdF%1fy9>u$U!jJ_CQhcE77Wr*>arD=mGSlvseL#F$bgPox3%(gDN6T!n?mp8cX`!aAbxj+!!hKFg8U1oWdMPNNB>Ws&$f`}$FdH>!p<hHOOBhZN)jw84-03JfNvkZhyMXr+KC~Gk><$*33N7OKjfGXQR;%5S*Z_`Z!x+s?O`FVuRly^(M)Ah`6z}bEe&Cf$MVH{-fcL-?Dc52kk}AtuCZ7pCQ-eIVtm~2*RG!sU=ODZ=y|z+K>!|4XKA9%9%OBr*0nSND?P`%ef`d!})wf95t$FOeP$2(RGLda|`TdLcE@m(sEl)d=IhDy>sg0msv*ihnS!((FpsI^vx#-LC3D4OQ8uzieSC-k4uaCd;k~4m5jGpG2OZ_@j?<T8$ncb;<gCRD<I)YEMosA8j$@}i~>%wuhgyzkD8|_6dGM|5i`A>3i0@`fDMMT%L(FLoB-^tO|&VGE{|69D<-*+x)GcH>_?FQ;zwlmGd(WbyKA5d!EG87r<bpz!*FJqydS=YNW%||FbBESQ>s@DNkW8INqr<imI7raJ7F+-RdD$X7z)g+&wi4ls??HS;$5SrI7-545Fv<W5~sUFW&MTQl<7uO1}8_^0934PWmuNZo33{&a#%XY-;@u@;Y?fPk@LP{vF=<t@;#d()bX5+M=Gp`Js#yclNVG}ac`OT)>naq9w$@LDCytIjJ_B76Ps0PQy7T08{w?=fZ?4;O94tco<tC{*bm19N^J`hrM(*UO_g^1AHOku9ZpR>s@|BO?#LS9E65#J4q<T}rWshX<rx2vu;)@s{Jk>R<n<_yA-sm=ILx+au0=Xg%R1~>7eBw1A0<`0p$C9z1yz@YJhS7yYU_19GSb%UB4=oeCTR|R^q8Tv_t1THorIx-T5_~={cCKa7!kFjPT3PCq8e;c=0+~Ov?3HHu?g(<J>x0b`HNIuJK>g3xHZF@)}ZlqKlJ5|-Y3T?&$+14(_-}9lt6~pq;6C`bY(BAmaI&72-hayUp$Czq>Z2yVA$H{7*cHu8&8qz3imw`XsGjSiLN=%4EJMFR!cLqz3!MJli3xnI-Hq^kVyE%PO<ZYZQA^{<O!>fHqn0~Hpygpqs=EE8DBhn0{1&sgW2xVaI;`#c}n-2)N_jsD&wOv|X$Ow&f@1&KotA@>bCvts$$jEXln2mW|3}z9pyTL57#3i?ye}P}#LVviRMVc7b!?L_d9rd2rKX3zjjd>B`WH6YGS+*%L!yPc+vGV+;XouM~s?x2Wwszz1w@$Wyh>v&v(Pvk^OpE*mnNw0>3K@8TJp{lr^r3!hDajWtv|&szy?al`K)wEOwDm6D+TQ-S7ayPW507~{yQhvKe$ld2D7V9!3f{J;4JDA)4&4Ny4LDpet&|8u&Vy0me)*<}Tb7a91<Bu0HOA-pL1C;!k{6W-xiZ=s3WP7a%s~k&f!C_tM<Gni*HUz`+FHg#5p>OEn3$C2YZmyW-ZH@Y<@2{PT!r&jyM31=HC*@3gv2rsB6y8;i4x)lpQYL|_9jsSVuD=n8RG)tS{Jj|HZ4e8k7nf+zf&6H5`neKW7`Upyv+$g7_XXn203r?$tWKrBSrei8q3HS!bl%E`$Aeo&v)N6SEewEUO(idM%#$5H127`0Xppp;Aigj&DLFy{F>)QYw<+7vLc@a{<=<}66*lZE$Wk1n6sAaIKH&O4XI1v9j@t6HKD#)Yi(5=lTc+T1}1FN^&)DXSOEB%T<tZK;gOj=ZE9Kfe}VYYJv-#}GWp9}P^l>4o3)uCmpWcCk4Mw>Hzo+<>z{(nS7f*;rtD-92CTq(#`O#G=CVl3vU@KfJUqWQz(2S-s*SnYz)w}fO5x<<fNP&ru?zLiEYea1uG%wuOMy^s1k(j-*K^mJFS6T~5YmisKD_NUihCBIAv9=x1n|GlSLiBH-@kJacH`&Jc^vC7DRru*rTavl1J~UM*7Z;Bua6D8K|H%oIm<+HZ_+bHJMw<_VC^lZE2RDsCg%P!dT0G5h>dcYbmlK|H@}GBj`gM7fzWcA>qta_Wg@tz11~FH?{2AjOkXESZtp8Hh-apkXydgv63_v++6(-1p=K+THx~Tw;Q#q|g9T;WF0^Yf^qe2nbq(jtiC^)M@<JzMyQZQP09?dyYS{5suV1z)!F9WCC9=hBPG+Yln%F{b>RFm**S~)3-bI!+rE5@f3N_bidt0&<y82@z7BgFtfzhn+Gg-!9ahm#AvgCC-n=_%UEXC)Vc-$iVt(mtqu(W1&HiwnXVPnlK%sPVf7}oU|w)KQ8tC?LrEvs6BP1UlfN3o};U`@_C^RJTSSkga-9o4ZS3SAW)dfQt>{W>qw<hoYB^Xg)nzF5o16xFokB#-U-4L5dzo^AO&H!K-uOXF1yc)*L^aaEjZKWE9)!8iyvg};)<bBfpfTJ`W&E8R$XuG>R~^IgD?1h5rxfm94e4<#UFH)5p2a7D0A*VQSG24#3XL^4c^Zg7H4@6r$USz4F|bY8XIjj2Z-D&HoajN*O(c3}sa9E`>^82GMa!fTujid^?@H8`Tiqgyb5;eWeM+vg493mrXR3J1PWsgpP8T3qm^6XogipZhYrsnW1BuC4*oPD4cVl1J>`9&LO&q|31BY~Fa{@e&!Aw?s1WvVTCi)4*{TIOnVw_3n6HFVA9d$f*5T4eGBUp$3dJ(TuL>RK~wEblOu?ElaQ)sv;`Gvva~o&W|*?#K0QB!@7Th`#cnuk=D4e>hvPMyuGTLO5N*Om@pCe5dJ}z=A4PAO|^OJ(;(lH6Hni_nY&fPruftD+-RA#{#`e43_p#&H%7iQNg&79W`tL~^=)GNcidKNbw0Ap8qfF{CDd4&?<J~M>i$}5z#hP;A?P`pAB1cc@eX0+aToU3pQv`H=Rf;uf9!p=r*w2ONy>2u)l4_TyJ`@bv%^MEm)%}#++u6kW~<+7lL=wfzK?7-_Cz1a>)}){A`4p)^3>aK4lW45%C4{*TXnjw8nRNRY2hF?lxIzYA}TW^Or(4jF^0oriafYPbMH%Jx*W1;BJ=G_6<T3j71^XIYFm~v^kS*X&Nf>8E|_=!thu<R^2+^8Lm%}_0DGfM+aX(OZ*1QF*wTAsPG_3jK(*KXnVz58V*mcm9(#MSnY`9U<D;B8U$zzb)Z3AsEy*w4mR!mQvb-PUOMM}Y{ty;eN@BO?NMdGp-N5pv^L}bW)FX7YkZY}=mv5824PCfvKDMc1B-<EAhz792%?{Vu5YR0|=0KJKihtPH8%r5r$l&t=+5pFVA%#E#th52AwK{cxx71#-B&-S$vf!^dJy{}VXo0w)y4ayFMx!R$#2-RbA4VjGmZE&@q4f=_i>KL@ww)G3Q^z#O#v*dHFI8)Gp32swbp>4sQwH=J8%46)H4(0I%g9r3!`h~?_Srm)2jq}O0y<nkvF#pGh>a+1T>L?^O*>Ncm7DgY7OeH}uc-Vkn@>yV<xA+~HGypZ>d|Y?2-U{0%`2%Q+0^*``-ZapEAE-4WtEL_V}aB|cuwPS`7h*dw(p(#3Lf33@J2q)Be~eY*)R7@{<FN3%X=uz_>eF0R4S%4n`D(R0*r=S(*6#|1oZ!GecUOqX8FoY5U%lJeBSV0Mx2acSt=TVnSgYnj<7sO)E&t-I15CxDAMWMU@JWOFu@lX248TfKpxRVwhsKU15ELPNxQVr?&bCch?FTX6hTYVG@xN;6M^PdZH#kMoU;Vd<uJ}XUY;dmo|lMw_J-npjriy080bgGL4VCy=!K)27l~|MCc1gC2<JtkoINC33l^xeK<x8^@z0CJK>OpM=LYI787up^c-h7D{@SWsw{NgrqQ&aoeL>xN)210f^FFiJgsj_rSY{`}yiZ&*;o3RS6yaw_`zdgE6kU^--Fc)e?<Rw*BA-wWxyHgAEM42Zv5waylcw*AAEARZgA*A5B-CeyF7%w8@YcE#*%G0a)qi2+^_=MIrU>jm;JJ~7j*R$%#Q$&yNSc`Df>FF*a=748jPkKe^05r^i<skLjB#P6xF|zhgc;6bgpXu`3p2ncWPVS>_#P4C?T_<*vRLoBc<)E9AnW9><P`JQf_3`$F*W7!Ur*)wb=16mzBrVjZk^Ol;xCxAi%n9Akes6b36uMu8z!eavBD*S<sKCT_w-JoMI0)R3Y1%d6kj=#ZV62Og+uN1?XSfH?v{v(TR0A{8RkDf7!I@W$vvmJN|LE7{C-l#rwaWij>wE7GI;NoMG-wMXPw7Y{}XNW2ah)TPt4H2LCnzq^jMR{1)manUV-;WVfQ#eM;TA?s%SDE@OUGgXDsQFooz)*!FcAySkLr@Uu5ioDB#a*ssPFhp!sFPp>bu3D%aNKPWj1-9K~|t*53{t%rvfGleJd0JH2sB8~=QoB}Hmnr-jhk4tsk2QoH*|0Q`>dnAbm6oXF8*F)ih%q7o-^K3QM|*(8nUKo<vcCCQ(QP#F3JTqa%H*fcXTn}=3ULzwoL;^-~go2NH|r2G`?8Jivao}pw=Wj82`*<E<aXQX3IzzkZSJcK13B~!fLZ(PdEaftcnWHcH8Yq?e*WFQPEylHWh^4ob-0h)GrCyN>KqTvHtLt5PVC!x9nh0j+Vh1xq0oE9?dAzjsl;WOA#T<cPK!OxW3S}IpgWjmv;qL6^(V7KPd1T`$d8=Q6o(;ws$JRVIcQ{~0%yv(SG$Fosw%#&V}h8~y!(!S<ksdK&*ql`Q-Z2Hn|_u`+GCc>xVb7bFyb>x1Abyj4z_1|%>Ck6jb#LyUj3CiVgHd<spvwp<qI5efo_3YeFXq5BMNT|a#s`aQ{C(y(!*RTb=rfjpn=l{kGS1rpA3*}?-nq`>AX)A=kV6A4dUab}tf9{*)hPy<oAr$&hzFTWR74r#%wY_Yt$tE|=p0=O#7$)f>J-hj7qn`4l4d}N-8E~Uog_fsPSGPo&_@HHEq<g<irFzQrQoFmX%w;mQYfY0$pz$833Kob^9=vW_Rp$(qh82#D4$UIBB-AO_Ol?d6Jn2<*y&%lKwb~NQhSjlC!+=+QYwD(bl_2wkd&UvhIi@NPtt{V&1HiKudZ?~?)UHe-eEB=0Kxcdn|Azd^A&NxD`!BMxit}qNFnyF?(!~xv3HdqR`ay7u8Sbh+bgJ8mIbNp)Mk?_tZJC@EqhiP9CBG&E_<EU-I7jB!Us*lmYeAH>HlDE!0N2(`*Xl|j+R3M&CA5+j#_Cx&6a`5cT+~2|=-!In1y7Ei59NJ0G2H_a$L*%ej|8nktSS4bhtlK6R<8x~1Vo>=1oSvQI6T=o*x%ZXclHhsj!xqK(b2(?|3Vn%(?0@r8kB2s4aUI~Sz9s!y5r6a;CTm&q%3i35Z88k3)2>hbc1_;W8%siylZ=0gOKddMGM-eT>6K1)m1(T?#sKf1A0seO+2(}38Cuk?fy)cyv8xF6~_(r<`NLe#MWrWr7jMWb7#taUhSYQF~%zi`K>7}rg&UVt9U%R?M&~2d@{NV%Gq?9<E<6|aTq9&El-=q<v|^wKff2QL)RwhH^X^uFgZE+vA@6bkNy!}tNR1rgvs$<v?>phz_>jzU=V4}!bo~r7xC@oly0-DyM2+}^hh(j=Yb;o=(|r5FaKa$Jn90+1$Ue-T0b3ZZ+&m<6G<Qs!7xute$yG)q}t6*s!;FVhmx}aB<}rL?#>_P4{5yTj&PP2(nUcn@ow~kg*EpG$&E6OQ{8TZ5%4ZAxx}~GP@J4m;qtwvOKY^GB<9U9&P_CLrK3frgZh$N1SMLY>q5(EWY4I!a5aEBGR()FGUb;b&{Nw<IfMd5<s8x@n>cM%5|hZ79X<U=TixFZ06!d_gxburFpMap_b9mo{>8qj-<YCk%wDpE20vN(D<GFvoPM$|*EjY@@dm8V(G*R9ii708s8d-L>)Ewf3HQAyTjm$lAerjL_$#nsL59XS#_X&784(ZU#!NQBD%G$j*sc8m%&=?Hjpz+4roS<~S4_X`+3FR0-LAd;SWYJ2$Iuy!Ch++br{*!<9fd-4Oc(Jn_Q)!>?HpC)<rj*!RLcEr)NAU-z7_+-UxlM&d_GJ9=I|>(e`442YF@zNvW+Kkrm%Q=+MT@-Dr@#jt2xc3*wE@&Z`k97{2~;LoLVLllL_;UsgzrMBo?B{vKRr&Yk?vX_qRTP`0f9+wc8@`1Dbzcf*ileid@^x_vB|oQ%k4;vl6f4om`?LQziF9iNGyYVHVdHB>zlf8aUF1{=Rjzzq9`VJ)O8W#`P(!8v$O2=5K*61->fs+2s`wMa!Vz@162Mak&I$wKIS<Ipcx_I!pq_n+%d&jvkYxBd!5K$p@w@*jmGI%I<-0GhbjFu^aU~*IDbfQd`$WnH|$LjGC5S0I9*%)2^ee>IIGDcl_c*e%+oCufp#u)T^?ie)Scldhoz6sq5Z*c5EN!UoB}`5gxp`Ane}j67fNdJK@&#UEC<H$sGA_ocwOijgt%$Ii*cf&dvdm;IWuJ_um&8Ow!LmI?V@HCD@Ro5nhF!-K0U81BnWDV`X)f1{X8<#+#I#EWZvBYfv?3nR%yjllsr+FTb@FS5Ws}tfdG2=5<#IXF`*IP*U^(RT}<Q>NF1lDJWWD`uz|H)kXUvUOmXW(|nO!fn~tmd#pOMlghEj3#%7`?t0{x(W?I8A+STyx-}7Mfs?yc(8Ydl6jjl1b;bP=M-PD+OV{-V*jd{H+>b6=@_y^QxN!NMH#e;SQ}^8jlM6knJD%l})nu5A1AG$xZZRS8zHKPm;jgdLyR!WdaHqFjh`;8AgkxRJkD+w7BPqCFU3Q=UmeA!V`TK#Rn4@oCCTF_-ju+AA2E8~>20(-%pB)Z&KcAj=(+S3~47E#|ud~UpXV^m4o$0-%^-VhHn0c#O`qAmQ1fvfYN$crOS2G#iqHMM$$k$}t(t0Q{>E6r72lHI`z5a{MW@sKrNPc|-6T*V&1b7*{JZ@`JRSRq4<Dk7Ui=tvVLvtRL@b3Ng!QSD=lYac}<d?(#gHTDk=!-O}QE|FE8mAQqf6^rQ&(7yGyS%D8R0tSmHc4R$v6rGKQ~yub&pIH@C!In3$*NUeXH#CM6qWRMyqp+s9#kau(io{xEvionuyhUp?cBfV9EkkpkJu5kcloU2+UAy@hCi<<_x#kotu?)E06`nftMzR`u`C&7zcGJ^(V{-?T8;DB@Dc>Mq%Sg~8pOJt^@|5V2rB4q2U8I{HjK~ShUhVKHfx)MU1PtL1FGFm?RGYxdD_bL6s7lo9d1N>KGXYJMELe(m)NhbwzdZ<ShJ^?u@@@%w5Oc0Ct8mbm<YduoVx9@eMJ`z6`+p~Y^$`kNIHGM^Z#`P;FG10pics*KPjg<8a}g&i|iK1`p?myJHO`HB;46Qc@v);ZS5Z)9vt`M<B#v(@BG|9CLdhQH^vnIJOTdrXHRp|1=3}=+mYDxIY&Tt(ppB{R%{60Q=9J(q2S5Z&Tjnv<L++!{qDi`kH@?;b+o4R;nBf=i_#imDo(DYm`7K@@Ow)h0zO)t-5Ps?I8ZGOD&L%ELd2<XnN+DIQT%0?6$y-*`;ZMOkm9xuw2pikxX0xL6@jjSq)~>W$;ZIM)MaC!nW8#Po0w14gEmWUv2I99jrwt3povo8dM-iUed`n$fF*R-6<uO}6EMsNS9xJtB3hLh7*B)Q2vjDqDe4Zd_ySB)?e*W+Z;|tIYSnr6*dOXJ!u?o0Xmy!P-P&?r`hl+2t}B4wTq>sH1c{RXlk9djFUY(Ypd=;F9;~uy)dekEzGe(Wtbh2@>RjXnaJrBdO@D7Ie%IgL`lYS=v$+V@!pEG@nw}-+yz0HWQNa84t>fJ<s~l$eMTL`D#Ey9Ggs9dVqLwM@LYze$C1n*Gyt@Ick9mu&c|YG4G$T^u&@6bVg;s?aBM&iI3(P@TsXNb1-Qpc(e>j?2993Qfp+!$e(H3!7RyiX$Q?-Q<rQJskGZr^yM0Ncs@D;(3Su4KSoNBA{V>YXG=fnhdM&jq5l5lcZp|UFONT@yA?LS&;DzeQ*YV+~W%ga9}KmXz<%e~5S4X}pf{YxbAUm}^mo78`iGv*@xO6Fth)&Z?Q@_o@_dKPI^&s|@Qm@v%2Nl%@Z7Y}0ku-EuNZ(9xRsM+1UH)c9%;V|LJi=EtDTAxL{F?_`!G2-##vb8`0lSZa!ujQ_DDb*sJ;yatkcoQgxNacJw#mNFz>FBN-DBeFvrolqAsU4(Nd!_y)R5AtTd>h+h%;Ggmu^Oi43pv1k@$vDsrYgE&oPnKL(<`2I+8d=Y7ucMjVit4h$IOi&_QVXgJxRXI5K=2*)G&sigLSd8zR*}bybe~w+!@S!k9>oAW**kS*QP)+iOr|*#yS^`@M{&1Tm8uoq{k23HmnQ}t?XkF*rS?&Svgh>Tf=%NYyB3MPq3P|Sk>*EaYXd}gQ)JJq=wtB7QH=6KMUfZX@ZmYZ+Q+`MA`{;`i>#|+I%&3NQf;gbK{sx#|1ApGcMy2=M7M=o0sZQguljG@T;$aH(~uhd6*?RYcCoz?-*0WaN!sf)_yeId#2#|G=zm_VBIX#t}wG_q3`}O`|7eMn!U8s03&EJFBXH~wh=iju18$O6f?w!dz@t(pLE{dGZ?*fs!e11JyQf&XX!L?&@+Dd@<*}+YMLRVpE3Um!hDzw4S8FjstTQ%8gT|fCz>m4CHh|?aXq4{Rxco41)M_BZLOy8+g{BvpSm>0(1Fn%$4Zg~RQQ;pRYVYs&!Gq1%x-%=>$$x^uX?I8M(G-B9OLf2pH_o<?`ag&I!;X#o8||a;Epogq`aB*B@QV=N!(L>wUHuvmQCe1aN{X7t||-lf_r}&OK7BvK?iukou8*+=a}JLO?FD0b}W_^s_`>#yhDNu*5!Y~^QmPyJ14n`O|Y#clEcK?L9JoyfUh~~1Gz_lG#D%_TlP;ux8(<u%{eN8-X#{bqr5nNlUfxx#Y$(46<P0AgHWRjf4SxsL{VmYffmT;fRcT|1Fob{x4$Mc#l1-Dz_b}kz_e^;)iS_lSG;Q<_hai;p_6#s+Hz3^H50Pc_Aqs6L)7Wc@;+8}6jpr@neSKTdL8C@8x%}o2djqbJPf91!8fR`gTXuW&zY6Y{0nR-0So$r0P1pT0|hO`#B(InYrQfrf@4d0%Xu+g;*=*pyICXYY%G}Sv9c&zCk*|i{)>U?u6(&rZO`Wh3(o(5H9tiplbck9>3LZm6GO8po<InFYOhvHDZlL}>oJe<fU+pOuDijFIB0!S6I{unX&*Efet!O|a5vz`Qn)36d<=Aq;+G<~L)BgrRt#8?d<Ia{Y;ZkFJHy#{T83JKFlDQJkdJ!2zz;hge&`>c;O^wf!S=zf4hd|0bVmO+%FZe97?16RvXLklfvPs@eWO<q;R8T=aeol*u*yn$S&D0II5!tl7!^?u``npUzp({R=h+ktex&X5xpRW;qVu_c(GOL3^!Dl4n!r*6hjb3x9dtrMM_B9zazj~)hU>J2K52|;;nJUhYMpWCs8N*0Y?|EB`4(PI9<Q}_fi)7c_(7_SgV4RV5r1G8;u!nAA#X>NW+?pGMd8n950t-z%>-H88o`G^R3ajD@7W(@$+vBNE7(6Og*z&0G+^8*0mua%9Sn`Z;dvy|+BLx^Frrq5G)Hki)|jQT4YBs;@(tCv%{D$Yd;UJfY9EI^*X`t(yEipEHqE;<zMUD*Zj65iX3nll-A>D#-IX~zD)uglAexHLny1r!l8Pd~8-|HpadM0#+p{_?PZK7(tTq#V@C|Yq^WO!%B$hgd(<Y|ou#^?9KJq<p?Ft(o0CQiS$s)PbHJeUt_oz8$ZTQFu$KJ~bH~gZ9UX9De+KkiNWKh+#{HCVmHxwj`hjd9M#W6akTXBp>wBxwd<y-W4UVG*L1I!TnRs')).decode()
exec(compile(_CODE, __file__, "exec"), {"__name__": "__main__", "__file__": __file__})

====================================================================================================
Running Python 3.9.6 (default, Jan  9 2026, 11:03:41) 
[Clang 17.0.0 (clang-1700.6.4.2)]
Running MLX 0.29.3
====================================================================================================
WARNING: disabling MLX_EAGER_EVAL on single_microbatch_path for throughput
run_id:2026_04_29_run_0088
mlx_version:0.29.3
train_loader:shards pattern=/Users/frido_mac/Projects/low_vram_institute/third_party/parameter-golf/data/datasets/fineweb10B_sp1024/fineweb_train_*.bin
val_loader:shards pattern=/Users/frido_mac/Projects/low_vram_institute/third_party/parameter-golf/data/datasets/fineweb10B_sp1024/fineweb_val_*.bin tokens:261120
WARNING: train_loader:subset dataset:fineweb10B_sp1024 train_shards:1/195 new epochs will arrive sooner than the full dataset
tokenizer_path:/Users/frido_mac/Projects/low_vram_institute/third_party/parameter-golf/data/tokenizers/fineweb_1024_bpe.model
model_params:17193546 vocab_size:1024 layers:9 dim:512 heads:8 kv_heads:4 seq_len:1024 tie_embeddings:True
iterations:20000 train_batch_tokens:6144 grad_accum_steps:1 microbatch_tokens:6144 microbatch_batch_size:6 val_batch_size:8192 max_wallclock_seconds:600.000
mlx_max_microbatch_tokens:8192
optimizer:muon+adam muon_matrix_params:54 scalar_params:44 embed_lr:0.03 matrix_lr:0.02 scalar_lr:0.02 muon_momentum:0.95 muon_steps:5
val_bpb:enabled tokenizer_kind=sentencepiece tokenizer_path=/Users/frido_mac/Projects/low_vram_institute/third_party/parameter-golf/data/tokenizers/fineweb_1024_bpe.model
eval_mode:doc_isolated_sliding bos_token_id:1 val_docs:233
eval_stride:64
compute_dtype:mlx.core.bfloat16 compile:True
dtypes tok_emb:mlx.core.bfloat16 linear_weight:mlx.core.float32 skip_weights:mlx.core.float32
final_eval_budget:estimate_ms:42879 reserve_ms:62886 estimate_batches:2
quant_aware:train_seconds:48.0 iters:96 every:24
quant_aware_lr_mul:embed:0.6 matrix:0.35 scalar:0.8
quant_aware_proj_mix:start:0.55 step:0.2 end:0.95
int8_transpose_suffixes:mlp.fc.weight
int8_fp16_keep:count:10 tail_full_blocks:0 tail_proj_blocks:2
tail_recur:blocks:2 start:7 active:2
decoder_skip_alignment:start:2 count:3 trim:1
tail_recur_order:reverse
tail_recur_carry:decoder_output_anchor
tail_recur_curriculum:min_gain:0.35 ramp_start:0.55 ramp_end:0.9
tail_recur_staging:gap:0.16 span:0.12
tail_ema:decay:0.94 tracked_float_kept:all tracked_proj_suffixes:all
step:1/20000 train_loss:6.9419 train_time:10ms step_avg:10.18ms tok_s:603882
step:2/20000 train_loss:13.3250 train_time:1665ms step_avg:832.26ms tok_s:63361
step:3/20000 train_loss:10.9073 train_time:5847ms step_avg:1948.94ms tok_s:76179
step:4/20000 train_loss:9.0031 train_time:11642ms step_avg:2910.53ms tok_s:340876
step:5/20000 train_loss:7.6774 train_time:18018ms step_avg:3603.69ms tok_s:209944
step:6/20000 train_loss:7.1258 train_time:25877ms step_avg:4312.83ms tok_s:228064
step:7/20000 train_loss:7.0735 train_time:33346ms step_avg:4763.68ms tok_s:194713
step:8/20000 train_loss:6.5366 train_time:42039ms step_avg:5254.89ms tok_s:218721
step:9/20000 train_loss:6.1913 train_time:51386ms step_avg:5709.51ms tok_s:276646
step:10/20000 train_loss:6.2767 train_time:60937ms step_avg:6093.73ms tok_s:164772
step:50/20000 train_loss:4.6481 train_time:72964ms step_avg:1459.29ms tok_s:731023
quant_aware_roundtrip:step:51
stopping_early: wallclock_cap train_time:574945ms step:51/20000
serialized_model_int8_zlib:12665947 bytes (payload:20483364 raw_pickle:20492785 payload_ratio:3.31x)
val_progress:1/255
val_progress:25/255
val_progress:50/255
val_progress:75/255
val_progress:100/255
val_progress:125/255
val_progress:150/255
val_progress:175/255
val_progress:200/255
val_progress:225/255
val_progress:250/255
val_progress:255/255
throughput:avg_tok_s:545.00 total_tokens:313344
final_int8_zlib_roundtrip val_loss:4.6309 val_bpb:2.0528 eval_time:45237ms
final_int8_zlib_roundtrip_exact val_loss:4.63092852 val_bpb:2.05283596
