/Users/frido_mac/Projects/low_vram_institute/logs/parameter_golf/2026_04_30_run_0009.txt
WARNING: disabling MLX_EAGER_EVAL on single_microbatch_path for throughput
run_id:2026_04_30_run_0009
mlx_version:0.29.3
train_loader:shards pattern=/Users/frido_mac/Projects/low_vram_institute/third_party/parameter-golf/data/datasets/fineweb10B_sp1024/fineweb_train_*.bin
val_loader:shards pattern=/Users/frido_mac/Projects/low_vram_institute/third_party/parameter-golf/data/datasets/fineweb10B_sp1024/fineweb_val_*.bin tokens:261120
WARNING: train_loader:subset dataset:fineweb10B_sp1024 train_shards:1/195 new epochs will arrive sooner than the full dataset
tokenizer_path:/Users/frido_mac/Projects/low_vram_institute/third_party/parameter-golf/data/tokenizers/fineweb_1024_bpe.model
model_params:17193546 vocab_size:1024 layers:9 dim:512 heads:8 kv_heads:4 seq_len:1024 tie_embeddings:True
iterations:20000 train_batch_tokens:6144 grad_accum_steps:1 microbatch_tokens:6144 microbatch_batch_size:6 val_batch_size:8192 max_wallclock_seconds:600.000
mlx_max_microbatch_tokens:8192
optimizer:muon+adam muon_matrix_params:54 scalar_params:44 embed_lr:0.03 matrix_lr:0.02 scalar_lr:0.02 muon_momentum:0.95 muon_steps:5
val_bpb:enabled tokenizer_kind=sentencepiece tokenizer_path=/Users/frido_mac/Projects/low_vram_institute/third_party/parameter-golf/data/tokenizers/fineweb_1024_bpe.model
eval_mode:doc_isolated_sliding bos_token_id:1 val_docs:233
eval_stride:64
compute_dtype:mlx.core.bfloat16 compile:True
dtypes tok_emb:mlx.core.bfloat16 linear_weight:mlx.core.float32 skip_weights:mlx.core.float32
final_eval_budget:estimate_ms:43144 reserve_ms:63245 estimate_batches:2
quant_aware:train_seconds:48.0 iters:96 every:24
quant_aware_lr_mul:embed:0.6 matrix:0.35 scalar:0.8
quant_aware_proj_mix:start:0.55 step:0.2 end:0.95
int8_transpose_suffixes:mlp.fc.weight
int8_fp16_keep:count:10 tail_full_blocks:0 tail_proj_blocks:2
tail_recur:blocks:2 start:7 active:2
decoder_skip_alignment:start:2 count:3 trim:1
tail_recur_order:reverse
tail_recur_carry:decoder_output_anchor
tail_recur_curriculum:min_gain:0.35 ramp_start:0.55 ramp_end:0.9
tail_recur_staging:gap:0.16 span:0.12
tail_ema:decay:0.94 tracked_float_kept:all tracked_proj_suffixes:all
step:1/20000 train_loss:6.9419 train_time:10ms step_avg:9.98ms tok_s:615644
step:2/20000 train_loss:13.3255 train_time:1616ms step_avg:808.05ms tok_s:82597
step:3/20000 train_loss:10.9063 train_time:6245ms step_avg:2081.57ms tok_s:133973
step:4/20000 train_loss:9.0003 train_time:11632ms step_avg:2907.91ms tok_s:586399
step:5/20000 train_loss:7.6760 train_time:18329ms step_avg:3665.88ms tok_s:54655
step:6/20000 train_loss:7.1258 train_time:25140ms step_avg:4190.03ms tok_s:211602
step:7/20000 train_loss:7.0739 train_time:31848ms step_avg:4549.78ms tok_s:227307
step:8/20000 train_loss:6.5388 train_time:38782ms step_avg:4847.76ms tok_s:270440
step:9/20000 train_loss:6.1901 train_time:47944ms step_avg:5327.07ms tok_s:127867
step:10/20000 train_loss:6.2776 train_time:58899ms step_avg:5889.86ms tok_s:753253
step:50/20000 train_loss:4.6475 train_time:69738ms step_avg:1394.76ms tok_s:696829
quant_aware_roundtrip:step:51
stopping_early: wallclock_cap train_time:578533ms step:51/20000
serialized_model_int8_zlib:12665205 bytes (payload:20483364 raw_pickle:20492785 payload_ratio:3.31x)
val_progress:1/255
val_progress:25/255
val_progress:50/255
val_progress:75/255
val_progress:100/255
val_progress:125/255
val_progress:150/255
val_progress:175/255
val_progress:200/255
val_progress:225/255
val_progress:250/255
val_progress:255/255
throughput:avg_tok_s:541.62 total_tokens:313344
final_int8_zlib_roundtrip val_loss:4.6302 val_bpb:2.0525 eval_time:45614ms
final_int8_zlib_roundtrip_exact val_loss:4.63019011 val_bpb:2.05250863
e_dict_int8(flat_state, int8_fp16_keep_names)
''',
    '''    flat_state = {k: v for k, v in tree_flatten(model.state)}
    quant_obj, quant_stats = quantize_state_dict_int8(flat_state, int8_fp16_keep_names)
''',
)
exec(compile(source, __file__, "exec"), {"__name__": "__main__", "__file__": __file__})

====================================================================================================
Running Python 3.9.6 (default, Jan  9 2026, 11:03:41) 
[Clang 17.0.0 (clang-1700.6.4.2)]
Running MLX 0.29.3
====================================================================================================
WARNING: disabling MLX_EAGER_EVAL on single_microbatch_path for throughput
run_id:2026_04_30_run_0009
mlx_version:0.29.3
train_loader:shards pattern=/Users/frido_mac/Projects/low_vram_institute/third_party/parameter-golf/data/datasets/fineweb10B_sp1024/fineweb_train_*.bin
val_loader:shards pattern=/Users/frido_mac/Projects/low_vram_institute/third_party/parameter-golf/data/datasets/fineweb10B_sp1024/fineweb_val_*.bin tokens:261120
WARNING: train_loader:subset dataset:fineweb10B_sp1024 train_shards:1/195 new epochs will arrive sooner than the full dataset
tokenizer_path:/Users/frido_mac/Projects/low_vram_institute/third_party/parameter-golf/data/tokenizers/fineweb_1024_bpe.model
model_params:17193546 vocab_size:1024 layers:9 dim:512 heads:8 kv_heads:4 seq_len:1024 tie_embeddings:True
iterations:20000 train_batch_tokens:6144 grad_accum_steps:1 microbatch_tokens:6144 microbatch_batch_size:6 val_batch_size:8192 max_wallclock_seconds:600.000
mlx_max_microbatch_tokens:8192
optimizer:muon+adam muon_matrix_params:54 scalar_params:44 embed_lr:0.03 matrix_lr:0.02 scalar_lr:0.02 muon_momentum:0.95 muon_steps:5
val_bpb:enabled tokenizer_kind=sentencepiece tokenizer_path=/Users/frido_mac/Projects/low_vram_institute/third_party/parameter-golf/data/tokenizers/fineweb_1024_bpe.model
eval_mode:doc_isolated_sliding bos_token_id:1 val_docs:233
eval_stride:64
compute_dtype:mlx.core.bfloat16 compile:True
dtypes tok_emb:mlx.core.bfloat16 linear_weight:mlx.core.float32 skip_weights:mlx.core.float32
final_eval_budget:estimate_ms:43144 reserve_ms:63245 estimate_batches:2
quant_aware:train_seconds:48.0 iters:96 every:24
quant_aware_lr_mul:embed:0.6 matrix:0.35 scalar:0.8
quant_aware_proj_mix:start:0.55 step:0.2 end:0.95
int8_transpose_suffixes:mlp.fc.weight
int8_fp16_keep:count:10 tail_full_blocks:0 tail_proj_blocks:2
tail_recur:blocks:2 start:7 active:2
decoder_skip_alignment:start:2 count:3 trim:1
tail_recur_order:reverse
tail_recur_carry:decoder_output_anchor
tail_recur_curriculum:min_gain:0.35 ramp_start:0.55 ramp_end:0.9
tail_recur_staging:gap:0.16 span:0.12
tail_ema:decay:0.94 tracked_float_kept:all tracked_proj_suffixes:all
step:1/20000 train_loss:6.9419 train_time:10ms step_avg:9.98ms tok_s:615644
step:2/20000 train_loss:13.3255 train_time:1616ms step_avg:808.05ms tok_s:82597
step:3/20000 train_loss:10.9063 train_time:6245ms step_avg:2081.57ms tok_s:133973
step:4/20000 train_loss:9.0003 train_time:11632ms step_avg:2907.91ms tok_s:586399
step:5/20000 train_loss:7.6760 train_time:18329ms step_avg:3665.88ms tok_s:54655
step:6/20000 train_loss:7.1258 train_time:25140ms step_avg:4190.03ms tok_s:211602
step:7/20000 train_loss:7.0739 train_time:31848ms step_avg:4549.78ms tok_s:227307
step:8/20000 train_loss:6.5388 train_time:38782ms step_avg:4847.76ms tok_s:270440
step:9/20000 train_loss:6.1901 train_time:47944ms step_avg:5327.07ms tok_s:127867
step:10/20000 train_loss:6.2776 train_time:58899ms step_avg:5889.86ms tok_s:753253
step:50/20000 train_loss:4.6475 train_time:69738ms step_avg:1394.76ms tok_s:696829
quant_aware_roundtrip:step:51
stopping_early: wallclock_cap train_time:578533ms step:51/20000
serialized_model_int8_zlib:12665205 bytes (payload:20483364 raw_pickle:20492785 payload_ratio:3.31x)
val_progress:1/255
val_progress:25/255
val_progress:50/255
val_progress:75/255
val_progress:100/255
val_progress:125/255
val_progress:150/255
val_progress:175/255
val_progress:200/255
val_progress:225/255
val_progress:250/255
val_progress:255/255
throughput:avg_tok_s:541.62 total_tokens:313344
final_int8_zlib_roundtrip val_loss:4.6302 val_bpb:2.0525 eval_time:45614ms
final_int8_zlib_roundtrip_exact val_loss:4.63019011 val_bpb:2.05250863
