/Users/frido_mac/Projects/low_vram_institute/logs/parameter_golf/2026_04_29_run_0090.txt
WARNING: disabling MLX_EAGER_EVAL on single_microbatch_path for throughput
run_id:2026_04_29_run_0090
mlx_version:0.29.3
train_loader:shards pattern=/Users/frido_mac/Projects/low_vram_institute/third_party/parameter-golf/data/datasets/fineweb10B_sp1024/fineweb_train_*.bin
val_loader:shards pattern=/Users/frido_mac/Projects/low_vram_institute/third_party/parameter-golf/data/datasets/fineweb10B_sp1024/fineweb_val_*.bin tokens:261120
WARNING: train_loader:subset dataset:fineweb10B_sp1024 train_shards:1/195 new epochs will arrive sooner than the full dataset
tokenizer_path:/Users/frido_mac/Projects/low_vram_institute/third_party/parameter-golf/data/tokenizers/fineweb_1024_bpe.model
model_params:17193546 vocab_size:1024 layers:9 dim:512 heads:8 kv_heads:4 seq_len:1024 tie_embeddings:True
iterations:20000 train_batch_tokens:6144 grad_accum_steps:1 microbatch_tokens:6144 microbatch_batch_size:6 val_batch_size:8192 max_wallclock_seconds:600.000
mlx_max_microbatch_tokens:8192
optimizer:muon+adam muon_matrix_params:54 scalar_params:44 embed_lr:0.03 matrix_lr:0.02 scalar_lr:0.02 muon_momentum:0.95 muon_steps:5
val_bpb:enabled tokenizer_kind=sentencepiece tokenizer_path=/Users/frido_mac/Projects/low_vram_institute/third_party/parameter-golf/data/tokenizers/fineweb_1024_bpe.model
eval_mode:doc_isolated_sliding bos_token_id:1 val_docs:233
eval_stride:64
compute_dtype:mlx.core.bfloat16 compile:True
dtypes tok_emb:mlx.core.bfloat16 linear_weight:mlx.core.float32 skip_weights:mlx.core.float32
final_eval_budget:estimate_ms:42985 reserve_ms:72000 estimate_batches:2
quant_aware:train_seconds:48.0 iters:96 every:24
quant_aware_lr_mul:embed:0.6 matrix:0.35 scalar:0.8
quant_aware_proj_mix:start:0.55 step:0.2 end:0.95
int8_transpose_suffixes:mlp.fc.weight
int8_fp16_keep:count:11 tail_full_blocks:0 tail_proj_blocks:2
tail_recur:blocks:2 start:7 active:2
decoder_skip_alignment:start:2 count:3 trim:1
tail_recur_order:reverse
tail_recur_carry:decoder_output_anchor
tail_recur_curriculum:min_gain:0.35 ramp_start:0.55 ramp_end:0.9
tail_recur_staging:gap:0.16 span:0.12
tail_ema:decay:0.94 tracked_float_kept:all tracked_proj_suffixes:all
step:1/20000 train_loss:6.9419 train_time:10ms step_avg:10.10ms tok_s:608618
step:2/20000 train_loss:13.3231 train_time:1570ms step_avg:785.17ms tok_s:146227
step:3/20000 train_loss:10.9048 train_time:5773ms step_avg:1924.44ms tok_s:175407
step:4/20000 train_loss:9.0018 train_time:12480ms step_avg:3120.04ms tok_s:238093
step:5/20000 train_loss:7.6753 train_time:20068ms step_avg:4013.69ms tok_s:270160
step:6/20000 train_loss:7.1243 train_time:27238ms step_avg:4539.62ms tok_s:286637
step:7/20000 train_loss:7.0719 train_time:34807ms step_avg:4972.46ms tok_s:167983
step:8/20000 train_loss:6.5375 train_time:41650ms step_avg:5206.25ms tok_s:426951
step:9/20000 train_loss:6.1896 train_time:52056ms step_avg:5783.98ms tok_s:286480
step:10/20000 train_loss:6.2759 train_time:63912ms step_avg:6391.22ms tok_s:413435
step:50/20000 train_loss:4.6472 train_time:75830ms step_avg:1516.61ms tok_s:528556
quant_aware_roundtrip:step:51
val_progress:1/255
val_progress:25/255
val_progress:50/255
val_progress:75/255
val_progress:100/255
val_progress:125/255
val_progress:150/255
val_progress:175/255
val_progress:200/255
val_progress:225/255
val_progress:250/255
val_progress:255/255
step:51/20000 val_loss:4.6297 val_bpb:2.0523 train_time:611446ms step_avg:11989.13ms
stopping_early: wallclock_cap train_time:611446ms step:51/20000
saved_model:/Users/frido_mac/Projects/low_vram_institute/logs/parameter_golf/2026_04_29_run_0090_mlx_model.npz bytes:67748186
serialized_model_int8_zlib:12834490 bytes (payload:20613412 raw_pickle:20622780 payload_ratio:3.29x)
val_progress:1/255
val_progress:25/255
val_progress:50/255
val_progress:75/255
val_progress:100/255
val_progress:125/255
val_progress:150/255
val_progress:175/255
val_progress:200/255
val_progress:225/255
val_progress:250/255
val_progress:255/255
throughput:avg_tok_s:512.46 total_tokens:313344
final_int8_zlib_roundtrip val_loss:4.6289 val_bpb:2.0520 eval_time:40463ms
final_int8_zlib_roundtrip_exact val_loss:4.62893699 val_bpb:2.05195314
%3fP87CD26{xF_?YqnxH(`uFu#HqRu!SiB3$V&%h{T15hHgSx9apl3QAThTlw+z8?%g+&as{W^*gy=F?!HY'
    'KGM9-)_CT$D-G*D;m7VrAqgsA_W%#z2z-0M_y3tjhs&{so+YsxLMXz3E;5eGFP;z@r*Yu;ejF`FPS>QBfb{`i*?0cB7#qe{nsAtY'
    'h^Sx5F>sr3mmj#r5Vaq_sk<T0CM$RpPM_5r%yTYrE57-!-{FsyCUqxYXlp^TFC6O%8=g2^2|2K87}R@gJe<1;LqaIc0gJL9%QuBJ'
    '}&T9>%htd#vRPe5<REJt96n3HnQ1lW7io1XHBmg(w}Nv{^U5FzUg3_F#V0sf3HQ_R}mV`P3Fus@piV%}O8&B|bR(FmEgJCnzJ^T<'
    '`6!_~wgMFv7e)d7!Ro%?33SRspD4tr`hebsFl`Il({~!C^HKbWql>eWc|Gx9s<K_CFx+fhmeg8@1cJS2#R)orcPMAbR(;QF;(@6i'
    'EHDcW)8np$;)vek2Vt&KuP#zD~HqB2(6by<XMSYgItgvT3>}7q}uTPG#CPy?$#Cs2DUv>TO@|AxXc6kyDIldLo3Hj%|gsV%PwMO9'
    'R>q%(|xLuGKr02=)}NtKRilP-jj0)c3B9FVyoj{jH(#qs9beKt^CM0_Kk*n;xh<%(Ed_0vY_z3vh*V-H_G0IW8oBcv)T2k^%*^1x'
    '85akT>6Fe?kLrU;h!9GKpMqoQG=xL#D+{%uROxsZz5o(?{8)D8uT0N~fW07|Sl7-IJKgx<RVZvrChhx4o+Sx=;*Lh11^J##y&WNH'
    'O=(STRgz{O?Yd-RR9JDtvyNaQ>~(ci;`_6oI0ue^>j+8Fw2Lkz}-+W=UN5S=MFYqJe{n+1P^I6x;S8cg3?`I+x9+NdelRtZIor=3'
    'AoZ&@OM8ft3(}htjy@>JTsAWGy*jVKocWVWH`E1lS%LO16~<MhBzP(cbYsn6CTzU#VOJp&o~WvWwN202_^u0n8Sf`{-_6WN6g5m@'
    'yJzJ@g^0?P-UuE$YR_6s8<B4O)e47B%L1bFU*~K)lJUti1CCpxmToiu33EP66u}EvYvCWOQqxCROFeCIviOX;fAF3Ws_TiB8{uW)'
    '{R()bTzM4g^{qqF9w>**|%k3-wV}5M4}e66RPv$`1!xw*WVWLml~NX4@wA!{`%KGUNu$SokNfOI|xmvX*OwZx%0%Ay5k<!5rKyY#'
    'f%%()T5?!$6aYLZ(3H^_gG-!&$@R7827psDwuf;!(=t>Y3=mrLau;a;{mZF=t%g8t7-wytVc2tH;Zg^YV9EF335{hL}5pWRXvzRT'
    'xZ=J942hs+xQsnrH@H>8kP3wH11>M!nFuOSN!4zXid0OEz+&8oBvujYwMIF#1wjf08~$<9tHkAc0x&dTvE*@spT@jDJOyPkd!MCH'
    '2qiF}08@hlUn`EDe<ylR-!G3Ihj6vtbp*a#i^hqNn#JWPaPe;!51rD6jjSAuUB6Q$e|NQ_M|%V@B#*z&MBfJF({N?H(?-#u@Q=i!'
    'D@F>1afUOK6%&2$t<UbP5($cL6cP3Tpj+)Es7KXMm#P8Mi8jz~C)}WWHfe%pY+B^vP8QgW^xBK~Ohn0~2QmblujstfGj?VkHqMjZ'
    'j^qqG8p<n<*k>@62x15drAPy97;8$kj6;?Bz0qHCzi&y{nI`Dz|xARb~i)HCt9Oa0fm)prI3$LkrRL#XXXiG9pB>oyp<H`dpT0h?'
    '<z!wr%wJ0pG!JKUD${<l!0LSio-^u5Ze<N23DvhG-Oj`z9wEQ;zM*tlC3rqgZcKG~|XP2Y5apQQkKuflDsjazXIn@MIA&V8wxlc4'
    '+q(35vRZt|8<&bOsQ+1Wj`ww4*hLR0<nHX&1J43`EJ((4FsVFe?f599B`#8E;^WFZ0T~Hwx8U*LBJ<ue9~@d%d)1uy0~rb7>+$*{'
    'U-T@#?-}43}!n;Gw0?Bn+1oS|yi|GLTccITKGC-Sy@w=jmk;Pa@Dgt{Y+zf86<Sw6zx<ZSDW8hlJ|}l@8>s)49z{5Mqtguwhv^GP'
    'z<X26hd7+F7+VfzQaY?j%dy{7kZ8j(b^b?s6lP{{S;{vtDDAG}l;b0xZGkG0)RD<Gx>v9;r<*j9Ckt+SR&(!AG=J$HPz%U;`S>-~'
    'e?C2|{lT6;(uI-L}NEkSBeiRoF28pF0Qw52`5Q`kIKnru^eN0&*AMg3aiNo_>R8nX=ce%?OFSfL`N>1W+uYik(^V!w7z-UK@;Ljf'
    'A~jg+~DwQ|Rn?G(+-Otu&4qZSY#W0kVMk`*FejUTaK?b^AJvt>|Pwr#(|O+@^dwC&hy_e&t0KC`IG+8jP=65fCots4dK?W|at>3x'
    'ukUepq0SQ9kM7$i-vdQI4^)+soou#2YMQskZQ?i)$^kf|N~qrC}nOD<MS@RdIIZGZ5Z$M=8}R5+wn%nH6?vx6>lIiPDjVi@8tJpz'
    '-q7`}TrpYl0X|BR$m?fomS?xhoz;SqqGt_h=<@{9(1eLOJlX)<EA}P<_#?wzE->&2n40V(d+HlnUa8;;>87Y&xsV(K7Tw9D!v=5;'
    'c11;L(T4m#xk9`rNLgSzs)LVxw0D7#iEWC@)eiV9UKq2Ija*Ba6wG)AS5?j&7}ha%x@d#NGyTo3z&7UJV!zM@WTIQC}$SP3d)tJr'
    '`Afn73B4!vjRLnhjtWTzd6W0sm|P>x)P-&8OCmw@uI{Wo*@}lUhvC+N#z#EvaOj4X^UTU>CW5Q0zNWOb(KaZ(s-pObv1`+w=)0Wu'
    '1ns6dOg=$eJ5YLv60@gOYD8iZtg$@G4sw?XRa2fwM-hfZ3WDb**hB`JL;#)<!U&A$)x-*1TI-XGsq5#^*MyjrWob>+B}S;>_nQ6N'
    '>>t{HI%-DxFJAZx%sWmhED)06Xg|2v2NN$;vv&z}gFM&@?dm@q6-7D@^sZ=6kj9^;Hk`5-W~aCfnpjdmp1NwRqbf`c0)9R#oY_)i'
    'jG+rAauC_kb~q1C*5AVL`cevI^AsJH8}3_QyjHMyE*7>7V9Vzk>nOnoEHa_LQ^95|(Dh4ewirkwQTeO6&j}vHMb|iX~tYZaG@(x?'
    'TgI1xt|fwCp8kik|e-t}lBpA6FkmW8RiVXn@tJ%{$r3bAISCQxgw&Tky>6qvjt0MhO4*lM*{A#tWbILQU}@jKo>a*?bb;rjyx3#M'
    'C1cJy6E&fcj&K1@=9<kV<+R2~_+#QjgIB56I3Y$*s_;qYHVEf?O!K6x0;O<2<{J@Pk(F?v!sno~b&{F*9S8kmd>v2g0~i;+ViJp;'
    '7yfwE82AH6XP3XqzLo=!jdLt_w}Z4t%?KmS>II8Q003u$)-vB&7x{okzByI|b%tu~G=yF_Q=qx`ThLy*;Rn2U_5d<*l1tTriL7J('
    'J6tvxVVvdVR*?<gbwp5%h!dbX19ObF?B)C&3!NX=k5}+)3?+&U7J%z3R4P1uz*-%nCd%{Cpt*m~G55JViP5Frl5W=2g<K&;|{Sms'
    'P-_v8ZeXt&3h$oAWA<3$u_&QvvNV8q1RTta6_b1crDpq|mi=`4Qt9sNuGa<QC%#o}#4Dw?6>m;Yf%+Ju}#mpVV_~dZ_Px1Yx!nB^'
    'L<v5_eV=;CivVsIGD-*m$xI0fjb|jr<svA42Se&><r_3x~(PQS37vYN~kvo?Gug@311wVNh5Pr@&Y=YQ8|4pIww{#MCw}xj@2=Tq'
    'c8#@c{9GOhMZyjwsNvhkLOL3LBS9VNBpW4NCC43Y@R^njMuOFDq~tMunRyTE_}EU<}R0ow?C)U2`^EhwO|GLr$C%wH-OvU7DWd=d'
    '`-=JIrkDc9_EkPcUGFTHo8G-{|y+vpZiq1b%Iw3U58v-Lyf$6T&=g$1ot%A~1I1nz|t-wN6s}>R)4bJGvXHgK8ru#ScIUOgj7}L='
    'Z;;r*z;VKsEIBtLW8>*Nx=Cd5DoL@W;2Y7E2K0UOTph(gk7nMWWyC7QFJU;}>y3X%mXLO8PYMjYL7_u03WhD*LBYjFKO*hUt0p%q'
    '$B6gTWJNi!4xSTt>sZC|I&<Iuoo)xVpmlWVyb`WJCYden_>U;k1b+hU7c<8Fi7&!;0T9lnC|Oom&z`v}U$BGejC?8nQgfGLExukC'
    'lnk>%|V%(>avs2-C=k3ar)I=Pvu}%jwjm!4Ol2ATyn;&$6Mgp7z-v(t$N11&!0JYcQapjTm!EY9#QW4^b1|b(KJCGoDVzca#Gmg~'
    'h+DAK1G$#bA%CCg$6-hj4yHuI;qf3>KKfErgQ1rW46vK$|TE%TOK#u60?;o3_F{*wrPcVtuL4Eds#BU3w?&k<sxD&E_?pV$*}eG;'
    '^=}XgB$yS-$e&?AiO3ZCOR{j}G=|!NL9z$PPE<I%MeZAEEYX<F)o_<2C<uZhSkJA0KL|V=&wD{>Qz+t|wNqT9M<EgCmtAUW6!a@P'
    'dbfqv+`1uPn>)+)@Yc-yaW78jDe0GAO$}*gx6X#S-6r*ZuCh@7}!p-ctqs0`Hy0pJQ&w?mBN06SLL<y0fA+*1*)N-(l)Mj({p7v2'
    'ZqIprZ90^CnWJ_jXiVHB=rwD)Rnt<8?$?4&Q&=-Q}q$o6^fSR^UlStpe1gWgu!5cs5Ly7k6(fdN<hK`dedf&0;LY-%Eke$<fyS@!'
    '`SoAUgi|{{7Cc1C`gP1gk2&Wxgi%*p$_%4g^yfVNAxwP^jv5&LRd<CkxF7oSF&+mc~JxMn_EOq<Rw`78pdrG8l9$M79KiAFL2*83'
    '>-2QKJaMgi==Fu@eC<G+tl3U*EW1Yr!hwy-6?arCHX%lqFo&@N_`017R6QqHG#*ap!}1Z^fe62e`#H&XjvE;a}&5f*oaTCWpXwf!'
    'E)#WQw1BdF0p5XUChX2?Rb~F!&>8lQj_|U^}szNTbHft9&*dMe+<tM9Hba&`_wLrVF;eJR2&L0m`&M{IjzB(BLuA;_PkBo`%`N=y'
    'E<w#~4lo)VY{KcQ6?comMXWT1az42ry-6Oql18(Gh`=`cV0<DH5!-?7gG6!U%+GmT@dHQH!<H6x|}Zpy>DuVLso>wjR35ghx!ps?'
    'O`IdQKVCJX61@JDPy~XLZNq;H5g#5VQJEACl9amTpJG*a%;CAY^oI<H@nw?7dKE)o2IUv4oxm!dhA)!XX}w{04+KAG)^mHxlV!eO'
    '(^WTqp4tff`%pg(Z&k%~6+x=*eks<t`Osn=hNLy29at5?#7n8kJZ}iVkskjlUk!iwJrg^ENUPGHw)@<khP2gGP=0z{{_yt0JFWUP'
    'XD4UPiRu8M_#=L-rDiiSA6#7!8Z%9GjmfGN>KH$5pu;=CF`m&hlBwI$^EvTDCnHXhIvCyVr~!-I96GT@}tgpCb0?kH(9fBuuGcbv'
    'wc7+Q!*JsJ3Yp8?U8S(PB0kYDTcKOoO~CrQBouAasI-ctXnvq6R$l+|MG(A~Czjl=xy3?+mj>tDYgRU3Cc&4tZgNwtRG~F(*y1K9'
    '9g<+8MJ;3|&pa7LAb(r14|^IbxZ~SSys}@B&$jHeNRzr|<+cO0Of5)+Cc@b>|aGVvEFigij?k!K?WSq7!y;O~XX)^(zkoU=_vZr8'
    'JoYrbw6b(pPnBZQ`*U%BCxeXo#<C35D4)z?Mb?#*Iyg0u2p73E7XgTwpt`;AeE4MB+m!fj2g-umBokhArU1IBT3ZaAnLO#<K}gHH'
    '7NpLgOfKnbJ^V`XcxtfrQ?gKvaw1sJ(J;!y)~7{EY1Fb8lnwTilSt?OOgL(DK_kjTqyAo`xm-'
    'EijdvFFNp?wXN{N@YKz3Lu@B7v*^8PZbD=bt+^kav-ndGE>_Tpf^YIOnPPQ8$lBa+f!7^W^WZBH*5pHNXWR?2NgX`<1QMslr6lK;'
    'WYDk1oL`wS+ZNYP?DX~1upD166(g)zqb`N3YwYzfAHfHKg8_tK)rNziY!3#>JMr!<)|1K8o0!Ep5^kPRtP+SZT5f3O4GYhYQKPA$'
    '^<X~KBtnIjyb-?4=ghviBX*c#(5mJ0l+jFAQZVv!3@1AaHL#d_n`=h`tC8NUnLLn(q_9-+bBi&_G{2l%u~**}^+Z2q(3U#sqN&bv'
    '8(h$|&^ipGA+`c3do1q0sAa<M(AEh%0*Y=x$^%PgQ7L}vwvv3A<yq}Lp1K^TS;F73gtPd8hI|^|Q94QXR+Hmm|I_f_k^(IfbTgi+'
    'r|G87of=&@!`z65rD~Vfdw6E1_~a$r{V*VBS~6WN!7C=8E6dqAOPeh1oltHKrP-x@c1U4Wqv=^a1F6OU(zcpwy;wm)yh+EX$UfGZ'
    'sr8s7EVh}=5+kneu~xQ8mTSDMy6?8SIh2OE5X_|)!d{jjSZ6UBXam|hnxJc7issNX;2O<J>a@0W3y~*#^~uy1G}Bujp1k?w6&HH4'
    'Uar@3*@-R*Cyvx9Lr}@dC7l5ajLIiIB<S2zkN&#ssXA_zi_znkES>+R3r)Vh$PHiGSBaSQ99`h?-zthaJub?IV>GI!Nf9YEHoAGy'
    'Q8KL~#|J9OXYD&1BlyTKFHv6@t>6oL(7tHA-0A6@&B{CoyIZVYDpd3Qx6=-P+o7Rl&vhpNU#85O_GbdYHs9<|TGDj)LS;g3C`Ao4'
    'eA87JfDtk_A?0M0G^!_TAl-xB9xgmT%#{;UOkQk-?KcXFhfp$TTfXa6n+T&o*_1~ux5$47Sp)SgXte<hJsB^g7Tiy`+{&7#8VjG*'
    'm)=iNHWf<`R~<Fo7HMwHevv<1Yd{P(lM60$N5WQ>_{8Cr+Kew;jL4WEA5<+B3T9$O9ivZushdoJh?tf3flmdM<%gnXBc#*o^o814'
    'lb4z6x`Eh{wr6G?8S%8L_umlBjy``0iuG{uMJU58DrSAGIC|PFQp^^dx(olTpY_MUX0d$8(=oi9AV@uc=Tx!YS%ZG5v6e1h9V~Am'
    '?eYw(qH@YM3o@FT<}&%nPAZ^hWVWVdnt=e!hKa8}g=`0%)<PS$VHaZjH(h6gHfU9Vsmaw~JlPS^v04>#p{4dVH$fIR^~|Grk5i=8'
    'ru)j%si9wCE5?=9+IH%TfmRBVfzgutGOiY%cqgR=;kK6biPHe$@hY-o4Jn(}3QgR(Wu0#?0}TRJldko}hs``)Y)W0JK_{QLCbX{u'
    '^Koq30$NT$yN0=`j%%zbvSo}XWVooQ^3QQGdRk$_Q!tuWlbOPY9pA+i2Q9L1?ryQzcu8+@&jtOmxaKS>)V^q^x+W1>k5)_>iTuF3'
    'x<*q5w|~-Gb}bx*+p^>d8WnP;QTzH)pE(5Ah|R*>tpIl;L{}wTGh=lPId)o8n>az5d1ns62+5$HU!$faIAZUKAZFDwD{5Ph*(z~+'
    '3YO$)nhcX@JQG3Y<rHW(opg`+_e1=CSmeW`gx=IrSFS9zmCS9JavCWxJd(7WcGWvyUh$3h4f0ZSuc=<sNa)Az;Ev0L+2q(GCM{(4'
    'FagTgB7vqi_$i&M7-}UkW*)?(VT>w^z`%X+h|jY!I!7*zi@S)Q!4)uAg1h-3aI9I?bfhKz(K~J`1wgqJ5369}gt0HGvWZKdX4!R?'
    'f6m;WW*}$Pm);zInyY)KqBg3Dv;^0&!!c=U#T+yP+D1D%#JlLffi^}c6zGL&N5_Lc83*J3&+W#Wj)jYp2Mm-@KQKLd90~f1w}`AP'
    '&@oIA#4ut>i~P>4x>y5rj0MaD5W2Ao-J`O?FT+kp<ayv1$<Sv!JsC~owD9Ha*E~o>|IA-%^IL3l&_6sXgwJRJf0W`HO?Q$>*rWyI'
    ';~Q~vQ9P_>cnzz%51bQ(4nk;<*!5){*X7@VQWvnMUTGQ^crYWtgMGF2M=!_)Y7LuEB?+9wS$dI_74<{AY)otCbmPo>?sY`T?r&wz'
    'FAf)`gAN1d0=vZNsZax~u*ojEBTL_G4DZE*W$3o@iOYa(`X--=HZkc6o>j%0g?yidBvLe@>=yZLcyaXCoHEnymVH2cJ9LMW-3z`M'
    'Do4v~vFY~IC2679*18mqTH!t?ql|u)A-xn7P%Hc#TF9zx)G!-0XrW(wC`%Yl5Y<0cL);)KI!Uw4x4VG1AU*^P5q9GXvO<SsersV>'
    'tkVg)5*xtLY#2jKscBPKuqt>!*C^h4d*i)5&JVnDsp#U}8}J@@+U7<KL<(nF%ak*|gEh!w%epS9LFHLpb?U+i(`hR;w2q37>yv3x'
    '*X83|C%`!gu<Kf+i{P-Pfa+T$?2bNmJ1LO=D$Zn^J$~EceH}9xj*g=pDV)mquGB_Qui0?~$1FAdT~O7vw0!AH^NeSR@r~Qx>KCNh'
    'k*|-xVUr7fYmA=eQceBxRp%zFes$ideP1Fr!#aXbw4IF&pUK<x^vlU{w)o~ff*Zji*QU?EF#Q)fI38`b;UuEV;OIJ6#P8&2YiB<?'
    '9{eTR9qiYxgfp&oJ?(kw7PvFb#L-w_ln*HpaOsQu_qu^{o|lo(&aBJindT#u9ueRHUDfM=s<B>M!%i{95l(oGgn~nu8Y)gY##NSQ'
    'Xkz$cbo&N)D}?6t%X$nAD%u2-jZ~j!#v;Rt-iu3&*NtceiG<EI$}5K68pBk2{W1u7J<cjb)SjDGDx`$6n2v6FUF5qYn@y5}PS`SV'
    'n(WL*!X{*>^LtdeGnxGWlItC&_0lG`+0!W1p&AkwTU?W+-Wt)tvXf#b+2`d#tY+%#RE`-v_&`WCu>rCvg@_PuCcvxF=QJDTpOHl?'
    'ly&40aoy)guJd%1C{~5PJ#~??R@<J649|7NGYCf}QsY1AQc~7j&2tJixQQR7<f6j1d<eyzj72g50gczmG9%uszoyEs8`RuDzmTfC'
    'D$tY7&`%;HNU<@|k&)2HN7qC*saTu#7;6SgA?OC?Z{yC4Tij$f!QRzhVS+9Dt>thk;?FX7JNY(5+YXY5`!7|;PF3}uLYs*|wzW&~'
    '_k3t@#<1-71WB78v^PGojyA=kk%$uIF{T<I+kc|(ak84HJ@`v`jWi0|W#CWmOx(Vy(jX$yPJ3*_ox##$Fz#xfg~4rZ8){(GO`t9)'
    '^6t+Sk?s(`;YGq@Om-I-uTR$uemG-(MB+f2!1zCoPzvTQp62(R*@sYiPo^ne5~gLL4AEG3GOb*@8pN!Vk(;wohL&5wY|QCmFpD_d'
    '4Q7!guGH213;e1W`okAmq=|7EEz8o>RqsjsgEXMmn1vyVhr`)~<+c(WUIX(3E6?wxt_izVRl4)b)^7CU*2(ry(ecjT2kc^*X_4Qc'
    'aEdETSOYJxhX8nnKGg3mCHbO*HjD|TfA8oRsMjBkw%$cs+uI-aqT`dn;V~~~_q3*nUvw-Ls@`Eu1rIE0LkXmHjc$U_1{|)KR%!`D'
    '$%9eh?)6PuZdv~8I!OMGsxdjwk0oOzT6s~4kTWCDP#}ES)e&m35_qlJeH4p{`C2YrthSb4Q3PG{HB2z2`I-fOskaQUe%1Z03|Hau'
    ')o#B|k_M@JXF_864iUU2x<m<aU(ix*8GDnc0kMT#?-`Q<;u0CN*ETI^xgO8TD}IAD#wCJim50O?D0z1jf-qjS%M5bf<k>hM#$!eL'
    '&>G9o7{X8=Is5usM9+1*HCLuEie5kDq(<9_uQYCj!vQ+&3E*e-%c8BDCHbY&i`L?4du2t=1@5}FKqb}zp2^g;R$+!*uH(3p6t^Tw'
    'g?Bioebt2eX3e!#aZEy$r5G4Lpvz1YpI89+oLud<l;M$?eT}uO+s0t|(mgxm^)ls)IBxA*n;CMd<AwHk5MF;{f-t`R$=iHIhMN+~'
    'wVcI(6<E(We__43ERwS9-Af1$&+iTJ5A}@L2CufrQ`N9iIQeqGwNI+pgL-EcX{iEN?U}u$KqxnY=>oOu)#sWkvfExEq#0BD@V4K&'
    '+_L};p+V~-fd75ILRX3U{zDz%di)$Zk0Tu>C2G~Qbk~wsgInJS*7Z;Bua6A7K|I%;a+ZlyzqijA?a=w%fwi-ou8_J*n3%iE=$&<!'
    'ATi3<q%(JsyZJ?gbZjnF9|$djx{gHXStdgLbl_#h>)kC?kLl~QlH2==4C0yTCE9rHj0CKKTkU&pUTD|~<&Am&+xvg+-C#kPdKZEQ'
    '3?1i3bzP%&=ESXd$n`=eWYADiE&zOq;nc9>tzN$jD4llDG!xn6Hkr9r6isZQH}x$|v*(^acJD$<o6<EX$wKY50%uFMLf3qZ#1dvp'
    '3NYddw~%E57TMG#lBKNE#heLkWhpt=CgT>7Z|$<JMWnThvpJ${ju>kfVb&3($B3@Sh^;3SS?%KLX+_l%VyaO@JxV-1g=nhHGxsc6'
    'P9*(f#8HzdqR>^*p||}-)UWd*iLV>=JEtzD>5GkmOi@isPV(5U-*98c>)V#kbHkEhwlrQ0fd{<k9aqJv_H&l19gG8iQ}`=sJg0cM'
    'uvHK5(9(^h=ej*)INt^QPykyI*HuMe^iaA}cK=2)@>hiDth+kJ(V!GBqliaI(eqBQ>0SE4K1&PJfX=HnyD|01L*?7VlTq9cz^(^D'
    'lY`Ni1_R%fZ1I|;!y?zcTP=>L$@mrwVEEsz6S%xVe4?WVOyR&MDs}P(U5g9etD-!8?sH#;H&q&T#zi?`+G&VrUh<IL5~Ph!mvkA%'
    '&gT6p4lj{$RZJ+;Ji7;!I}K{?g4#JNM!h?p*UK>(YGl-Yta{Cto=^iuQffw5bSmTD89MDLs+Ohm^;Hp-Pr7!(Nb*M#Ut(Yl;9=c%'
    '!F?VI%TR0Fn00y)SC(K^O(hC;OiW+|K7@bJsX2%7G*+88KMnFN$$0v{&D^aT#^O)AbE9R}`gh&HG5j?8-Wd7LB!OzaHY2>^t!oq8'
    'z2mlGtMj2{);Pw`D51vEd@oV8E(&P02J8V0TY{d$`9a8L5$6zw4tHUn{Rta)dj7Mo_Q&2=drC(qTS++%zT$K<ysH6`IXi3wb=mE;'
    ')-AS{ZMNpEHkp1_?fb}fBS-X+yo^ruBDAm-Ay55{+Q9_@SlJbJW2?2UtA?zUX<9gl4dq$epoq#02@@$-MU3Gvg(43w(cJqInI4C1'
    'n#g?nQiWC+7gM%rirSW?482&Ya%~%}c^AyNf7V`HQ+efnrlF5I7{J~r({{*~+8dj<KeqH9S*<f|ZlK1?1x?RSW3hjKXOF$T*iK$+'
    'qw!JBoG;soeCq8;$Cl)mZc8rZ16ke=@}<6zR(}W!ETv_)Ut5Wp-E{-gpU(TK4N=FUtA$)^1)Xx6)?2?0cg-a>Rg7eSafE09E8OgG'
    'oecrqLSznP8KC%wjlHpy0fr1dFQ5%@%okD!G{8z5sI}Il4)B(O6>Ei60YVo1wOUV>h#6WSZm21C=!?;4h&FMD5H*JpiJ_$^AA4wB'
    'gIdSa>`Gv##n99-4YDzb>e`p8wK`8_Yty>Co`fj_dX0@D+3ki1SGi^6D7ay5(^&g#4#5NKkVXPJTtKny4pNAXC~aKaL9=Z;Qq7gy'
    '_M{f9_3y8!{8Kicme9+W(8(JD+5Xj|*J>lw7{fNNq>5xy<M;0y%J#3gXO@&zI>C(vQV-!di6-U0kh|Hw<?1VVbf3Z-`8bc{Vh3lx'
    '+%x%)@=h-Ap)}(|zQj|hgwiZaD`5l}4b@5ePdFx^|7YvtwE}CFugnBdH(rd-8_uhb;|WYlMI$g1kWSPQmgk7NBgF<6foK+mI(=Jg'
    'g-0JI_yWV=3l0^?Bbq4IK|XdtC|<DDE-AEIz+C|%WdZ_4(9$#wXxJGe5N|ccIJd<)OCUWC<ILgZSu*B%iMVHHDBjnIe{PR~esmo4'
    '*NlZ;II4M($mV6Dn-`04UNp+tL83KpfjSGsJ}(&myjTphI}Unopze~fvX6_GT}<z9tjcx!7TYCUtnS?x)NM9x+5xohGdoSlrrn2S'
    'b|TE%%cT%*<bk#bKRen_fy1Nd+IrcWN6PXp8(tN8MmgkK3v;k^N%+P(Udl|Getr27I!HS>kpVzLeP-xF&)ErYtt+9uA~cHnFO0mN'
    '6Mfwlf&B+OH?q)?5m%7-AMOB2o6uY^iuX$n7d%Q(K2}IRRzQA{a9m6<E-Vxm6^M%n!+C=6kwS1`0r-T%?`Z_zBVxSWao$fB>)jOZ'
    '{m2<)o&1%OV*XsPPX9iprab=ZsN6h{+UL&~hcYzHlSU@~0;XMzNhLy(MgJ2f_dhpGPIqGYO9ab3DhTfBokEK^R2~&5w*)D^awOdn'
    'nEVTe+UeV0iwE2-5f!&^99}!je|#_;X5o{2PIHwcQ&;%stuiiE=s$5pW*m_rd%rA-=xHVEJgNGhXrn)Pw9$WJhW-s=hW@9=nk>HX'
    'sYTDZ;5~A&d)z`t8Bg)5Xfht~cq5%>Ea{P*ZAD7Kc;>}K&-8^~WbA<`;LdES0LlxX`DMetab=1s7wGFw`N@hL#d6}--!2`@G_GKi'
    'wN|w|y>Uw$|9qOoMPgj1h0ubUczXR(yZcB0{DJV8*FRRA$kAspE#;@85+`y#Szra(B#q}l7YA}B$)Af*82SZLCRy9qG&3@rhgMI0'
    'VEapP^p@?-(;Gojev0*saR<L=C>~bn4X(xPF1+|N(y<|62CYvX!jg>RDc<ilDP`t3#QbwS9uGmZT&oW<5C#<9q_|1=?L4Xgu^ryY'
    'VurkE_<+`s6nAbWRCl0oe$`QEyz`*eLW(`4tGY0J20My#T`Dj5nUY&e<*HWM&Zw&>Bp}tWTdUIqH7p?;YV8Q2Kg=^c9!)7z<;Cp0'
    '%(#dqvvFh0lU|gD9)tnXzTseL?R+Ul8989s^rhSG#Xl=;gij{tD832nu>Kk5S&`m0e@9-A3;vymp$YyHl*`d<ya+$DenjUuG^NV*'
    'T)UspDCg!#sKYg?^)P5!&;*xj*aBWtw%Olze`AKLmgR?q^0D=rWtc{`6^p+Rt!A=btriu3?qYJoU82<x3cWAit+k+v`2_sNUbfa`'
    '%uU=AxJi#;k}lG-o1ZqCDNovfeoK@AH*8dBd0KUKOO%NZT1G~?_sc}8r%W%kyUWU4##6i2G|oIt_SC9ife_b&*MU`a&QNJs;n?WV'
    'EOJXiopR08#st8VUPadn0{5*omS8rlj-46?yz*O9H|?tgnJ3&ajyTUTRk?3v`9>T7o;A^Zb=9MGWfI}b-x&qElWX|b=T{C<Bs$)I'
    'k(O1IUu%Ks<NT5?cIZpU&+*m|f?LdRSM{M=-B!%;IxR3#iB}0^a#oCros^gSnhcQZWj^K-nO}cp^^ng6QPSFY#x?+4pqZ}Kl|Zzc'
    'PeDuQ#2t*)vu-Hz;?lclfELod75xjI96cY&`*0$<2PBGuw#$zMt$eI0`>2P~<Ht_F1AGEYpR)w?I662y**VzX+KqPh4iAn_qQTM8'
    '!IAqy80OPI0(BacYjF+6!4ySXJO;Ys&J5sr2a}{MacdCgc5(}Bi$!|gy}L1S<qh7oJ!wElcIcu5?NcuO!@KG#&%FEcuIz#yQ$iCD'
    'okl{adV9OS(j~7^#A`)SOTD=SL^82Cn(|c_hpBdF%6?w$pe-@MD+&3nDIKPGTu!TKGQRCj@4P%4-+AS1I?eG`3xGKC6v&RFP2=*Q'
    'F3_Lf3)iJ<lk}V695<Mp9Q-`k-}(FC2(Q)siEqN>crRL&d$DKSp6D@%#IrDxj@CtddpV`s?3!+0WH&t$hxZ*&WFKAkDdOcHY>P)-'
    ';JDz9(?#c(gYB&!jeQ~s<iQ)|Ny%?I1DjO4xk(l3-@8z%Z2*aTf0n!RhxtQV@3|wK<%M*i*GRk@{a|6kJwkG$jN{a_+h7E|%S$ft'
    'Z8{PsXH>X+zwOc*Eh&k4GfeF!nzz!?BGW;A$t{8sEys1C<utT8DiE#)P)A1jq+2HZ5(Ih*YAJ_sK~Xt}^vEVoTb0BlG`OR${|MCm'
    'tpM=D;fb$to`qpZ8NJ8x9mp^CP5s6cMHBXtO*Ht)%3lGwwBq!WeYw7|KZ-YCeU7JS0#qC%|3#fjt4PnT#Y)uQi?U^YQ4Qm%UW~s2'
    '8y42k2*;Rxl|Mt0f!vr$GptgL`a;~=AHWQ|Cf$hMuwwcf!+XW_%f78%vDZQ4?Z=XtTp#_~V6=hHr^uSecy|;oq7%A^kBLWCF|cz~'
    'k(Xa6+EOWZx6!Pr8~a)e5P#*5<H`9b_L#%30R4$w%d2?-i^~8{;!I)k^tC&CLsZu6msWF{OR=TZiQcfo3;9JT7&)~}B(jY8##G8J'
    'J`xMjWLb<r<aIz1i3VFAVEG;VvbEcx<p(tXyo7c9CM|MpH{X$;4NWbf2FyyljyJnRN2W^dhbscNRE1gGT#)=Tt!dy$8~W?k(f-c<'
    '2lRB}-Wb=Xv~GBK9h$oZx)k`T$Y+;VKol*5g1dLh1I5=RFso|=*pM^MTcE?Vz&MjZvdhsUvUJ2XAh_~@=?b>i$e*%%-~;9hj6!y!'
    'p5r=e-Bt>8U6k1|J;SK!=mn4(Ts`g8lvTZ;k^GKde8{icGvZbFeT8~ecGR!AqErta_$76{d&iFL!~ClyO)J8IH(v;Q_xg(XAjX|='
    '>$xs&6xU>q-8WADFz3cehKXcpla#Y_K*W12X3yRCMS5BC*-NJR@TvqGay-VX(9@g5D{~-G!EUUqt`hHJ2H$v-vXkZ4Az}lnCYPCa'
    'Dz~ZsoPYVPtvG{v_hK$R=r^y|m2kFb@(*eieL$6lzm+=8gGUOAR+xT2ctUm2zKB;3^6oTOB$sCyaQ6<Y&g`Ue?D4|tg`m40`DL`K'
    'e|YfhP_$k{gql~&-74r}zc-4iXt<{0?uerY&y1z(IRosh?E&sb7cDuzbzfZ6<()G(tpL;X-2{^hJ*qdE<=JXHiYFdE34ga>NW5<w'
    '%69qd>*THs9z5>!whQssypV9LEB+WsXFHOD`_*Ol`ELnbev-c*IEp#?24<4e^>@68&KvaNJRSlOMw~lp(*1mT-b*r!VHs(cG+(FL'
    'sBhRp)}877w)ssu=!AKzI{MM+s05=ACQ0Y%PFJ%vx<lD)OITmyNk{9U#H4pGA0Nzf;rIG4#?8<?kdXZP1}20B(+Ti0c6r>^q^cIy'
    '#K%E<V-`ila)#zSD&f8R?Ss9;k0*oZ-O1k$2M<Ce?V&Hys7A%<?r3BySo}$o;6J;cll1bc>QW&Pm}!;(3$d4?C{zDW*U!4JnrGc%'
    '^vSAKUZ+!Drxca+cf6b!Zyr=6_R<)sQ7vjt3b1qz0PWnr=^O~%=8xDBw0HTe<J#typN2oLDfj%;y{!$sZ2>_W%&X09L9sL*r@u3Q'
    'h|!`x?plrW+2|4$a!FqlMh%Gdy6YDYf)G@&z8y?O?AS2Qy)DsWCO2!FgFR!vlmlwqPwjO#pn2NLbrhxdfE{i`J3iC<Mnw4bWRJwJ'
    'tG2cWDnzrRn6Vcs<g}xlu_xM$6qpFV!8&!@WBZDAI8=Z>KCrFQ#v;k|0nh(86@X8cLV`XCpng_Pb2NNr7Z>R*j`cU;H{IXzH1l`%'
    'Pu@f)M_c>HhX==l==kIN_dCB1j>!kt@Qn$@Z!(aN-#D6+E|4C(-Hw(`mvaQxPMXW8+lme0dusFjArw5>+S!fXf85=Te%w9S{`r`f'
    'rj9n0K0G@3Z&6x9OvTA{l<?>Y7;bOLgU3gUi(6xF5C^KGLFJqCY!RtdxQwgBT2b6(m=y_vn){HARUpA_9cUfpGDwfh3>AT%fuvD}'
    'qshm>A=G7KpqZjNO`Dic)q{W~w^%n;OO5(bUZ9Cm;CwD&z5BjaU<j7bT~Bn0`AxtuA715!X^Ci6W?(!GXJb&A#HMI{c*PeGl4`I2'
    'zIltBms7LOvB&<<gc0t?;z6s+cv`P5_oW}`YVD>1_^nRGWD+BBVi1zO?&bxV7eic0$+HKuY+Cg|%a*U101@*azI3`5c>$8nr%5x|'
    '+lt-|wzvKk=>BZJglpkrwa}Wrwaz)!dv&9L^XuE1cfYK1;PQ(KnOVe+IPQd~)?1>MDe6L;MI6Uv6&bR-1*}VWi>-OL+!iz=QsdAp'
    'c&UX}g#;rHF<JA>L0M@!&rIFo9c6zwnpzxHUU<Gm&zhnw;;^i8MsTKT3n5Coj~r$!Zp?`4`jh7>f+4e3e6h)DtMg+vtM#Ck+}_Ag'
    'g{r8y0l|42R_HjRuB)fbpBppmw`JLH$+SQJe7IBHbpUBey}w}k{RLC-n`!vl?&K1YQZjQIa*kvpXVP8wDea36Q;SFedR}*}2o7NW'
    'NP6nNym%1&z+U46z3nu#p%}4uZ!je(%)p!EaE@;-t<NGf7`|dW7m4FZ*_m@(zEyVFQ?6I1>jD${2U`}nNsiRbr&Ht%FdoNuJx__~'
    'VLbH~qD$l8bb^)U155D~Waw>VuQrxQSV|%=ZCr?J_KS~=t2I@z9&PE_2{4_jh)#Q>G^XsD6Z^|TBi)$Q1AQH#y@4Yaml^441$G)X'
    '3v{q4q}3I{sz<@WOqk2Ty!R+9sAuMx3Vdy@8z!+i3vaCR6%2l@;;E=Vxq%4z(lRp~w6aexV2>K&TIE=^?BMDVr_DP}uJzBnY^rI4'
    'izA}D`NO9Bj9M<GTJ(}9{m4cQO%t5FCd+XaBGe9&(|3%t*Z9@g$RM$>%*9}JIxctznQ>>9I2M5F*Sw63B1$#VVpLrfoO$K{!NV-c'
    '*?1qAc@>x<MjehpVeLoT^<)a3D?P?S9N5H#+D&6N7rL$)vu_xCBJQOP0T@A3c(G7{dK+O)#Pvz4n9B^w;XW7H#wT62_YFaB9X`{9'
    'e&1XItRrvQa?m$^xzaqcJZGA{p&teR3XAzD9U1Fwfx0PlW@>~32%Tu|Vk^=Ak`>pnR5j`aB&$GDD7vjR6n@)pIE~YkZ5TQ*zT;R)'
    'vVhJWQBaA9RdM;<pquG!-(}<m3-qe5I%AY>Fq$zu-uY?OYj$#mUZa20M6r!O&{D1`({0L|NnetXGUB6t*sd|4Lr;dO%=>!SgC<pF'
    'p}u$T&Nc~+^e{F652Ev9FYLH6ylY4ziEPJ0PN5n<n#MaMq+nB;COk%3ma}tOH?aw}14QdE$#zg{*gW8Kj`~1e3?L20^vagqELd;('
    '!4z{fl|b(j3$9Vl7H2oK0;gE%jEN%a-Kytnbm1@8>IHErvz;{yq+P(3eZh06q)-Q6Q<&nGp>?j=-0^2xHnV6MV6!XExsThXO|!6;'
    'AKls+Q3W*<vJ*Ijy0jshbZ2>ODm$^NK8OVMD|0;!^SlfSrm%xm!%dzA)2rYb)Vg!QIrPt&mCbw$Y$yQ>`hx(PQeOiFEycufa?@$O'
    'GA}~SmU5PJV!Xs*On$_&VWqRNV5-N;qGFvebeH-s2CBF6<%?=CUm7gP{~l|8ib%#ciHfFkiafRq&8B!zz;~&=S}mpg22a*wJd#Dx'
    'lP#ySA_~?aM6>Dd9eIeIwSkM?b<evI=csQQVkcR!?1Mb_548Cm1Xke-6oSxu_DsRmw`8#Jh@sHC7v&$=RVV5NHQ@(cbh=?26DK_z'
    'vHbiu;S<4PrSP3VLDpV`Is!$3`wEFR(lKB~{24$^)8X|v>5gWTY3XYX!n~^TVLtBj0zd71_-Sx_f;*ij2ipg`I;8V)j;`<D$LTo*'
    'G2;<HUp5kYW6&qZ{qOWDA`}6LBkm%?-C9{mFT2DjW1qXziVroNjZ-lA@wm_DwbO7H-OmNEsIR)Cw@*jl1eO{&bI@2E2#Rc3iiYd7'
    'gC25>kKrl`1Jya>-dm$6joCE5qq8!+oII*)?I>#`WU+`;83&<vZzIk*&e%Klc{`#sL*bh`3g4VPP%ae439`5~f)AdkL`3M_vp=|Q'
    '+y?r#vU^mD`lzVUfN`f}A{TTF(KiN%=cGs)=LBb9M6L9RM{#f0;8NL!5Kwc4n`+#aZJ*lRlb<5BYs8+L_KnQ_qK18<_WdE(zK~--'
    '$h{9VXaA>Z-)GK#&zyZ8dw)j|O~rc6Q#?OOZI<6N!*m023XPWEXHBZ8w&Ljug_%5rZ??<x13gflBB>bF+Qc*;mPW;OT)uy<U5DcW'
    'VD9m=1yfFS&G1xvQHsZ`-6+X$?7fVZ!!LRm*Q8vm%_zBzhgCz%ZyH*DLjkvV;Fs2<C_)c<CyMa6cNBGce7hgdey{w0vLj47'
)).decode('utf-8')
exec(compile(_CODE, __file__, 'exec'), {'__name__': '__main__', '__file__': __file__})
====================================================================================================
Running Python 3.9.6 (default, Jan  9 2026, 11:03:41) 
[Clang 17.0.0 (clang-1700.6.4.2)]
Running MLX 0.29.3
====================================================================================================
WARNING: disabling MLX_EAGER_EVAL on single_microbatch_path for throughput
run_id:2026_04_29_run_0090
mlx_version:0.29.3
train_loader:shards pattern=/Users/frido_mac/Projects/low_vram_institute/third_party/parameter-golf/data/datasets/fineweb10B_sp1024/fineweb_train_*.bin
val_loader:shards pattern=/Users/frido_mac/Projects/low_vram_institute/third_party/parameter-golf/data/datasets/fineweb10B_sp1024/fineweb_val_*.bin tokens:261120
WARNING: train_loader:subset dataset:fineweb10B_sp1024 train_shards:1/195 new epochs will arrive sooner than the full dataset
tokenizer_path:/Users/frido_mac/Projects/low_vram_institute/third_party/parameter-golf/data/tokenizers/fineweb_1024_bpe.model
model_params:17193546 vocab_size:1024 layers:9 dim:512 heads:8 kv_heads:4 seq_len:1024 tie_embeddings:True
iterations:20000 train_batch_tokens:6144 grad_accum_steps:1 microbatch_tokens:6144 microbatch_batch_size:6 val_batch_size:8192 max_wallclock_seconds:600.000
mlx_max_microbatch_tokens:8192
optimizer:muon+adam muon_matrix_params:54 scalar_params:44 embed_lr:0.03 matrix_lr:0.02 scalar_lr:0.02 muon_momentum:0.95 muon_steps:5
val_bpb:enabled tokenizer_kind=sentencepiece tokenizer_path=/Users/frido_mac/Projects/low_vram_institute/third_party/parameter-golf/data/tokenizers/fineweb_1024_bpe.model
eval_mode:doc_isolated_sliding bos_token_id:1 val_docs:233
eval_stride:64
compute_dtype:mlx.core.bfloat16 compile:True
dtypes tok_emb:mlx.core.bfloat16 linear_weight:mlx.core.float32 skip_weights:mlx.core.float32
final_eval_budget:estimate_ms:42985 reserve_ms:72000 estimate_batches:2
quant_aware:train_seconds:48.0 iters:96 every:24
quant_aware_lr_mul:embed:0.6 matrix:0.35 scalar:0.8
quant_aware_proj_mix:start:0.55 step:0.2 end:0.95
int8_transpose_suffixes:mlp.fc.weight
int8_fp16_keep:count:11 tail_full_blocks:0 tail_proj_blocks:2
tail_recur:blocks:2 start:7 active:2
decoder_skip_alignment:start:2 count:3 trim:1
tail_recur_order:reverse
tail_recur_carry:decoder_output_anchor
tail_recur_curriculum:min_gain:0.35 ramp_start:0.55 ramp_end:0.9
tail_recur_staging:gap:0.16 span:0.12
tail_ema:decay:0.94 tracked_float_kept:all tracked_proj_suffixes:all
step:1/20000 train_loss:6.9419 train_time:10ms step_avg:10.10ms tok_s:608618
step:2/20000 train_loss:13.3231 train_time:1570ms step_avg:785.17ms tok_s:146227
step:3/20000 train_loss:10.9048 train_time:5773ms step_avg:1924.44ms tok_s:175407
step:4/20000 train_loss:9.0018 train_time:12480ms step_avg:3120.04ms tok_s:238093
step:5/20000 train_loss:7.6753 train_time:20068ms step_avg:4013.69ms tok_s:270160
step:6/20000 train_loss:7.1243 train_time:27238ms step_avg:4539.62ms tok_s:286637
step:7/20000 train_loss:7.0719 train_time:34807ms step_avg:4972.46ms tok_s:167983
step:8/20000 train_loss:6.5375 train_time:41650ms step_avg:5206.25ms tok_s:426951
step:9/20000 train_loss:6.1896 train_time:52056ms step_avg:5783.98ms tok_s:286480
step:10/20000 train_loss:6.2759 train_time:63912ms step_avg:6391.22ms tok_s:413435
step:50/20000 train_loss:4.6472 train_time:75830ms step_avg:1516.61ms tok_s:528556
quant_aware_roundtrip:step:51
val_progress:1/255
val_progress:25/255
val_progress:50/255
val_progress:75/255
val_progress:100/255
val_progress:125/255
val_progress:150/255
val_progress:175/255
val_progress:200/255
val_progress:225/255
val_progress:250/255
val_progress:255/255
step:51/20000 val_loss:4.6297 val_bpb:2.0523 train_time:611446ms step_avg:11989.13ms
stopping_early: wallclock_cap train_time:611446ms step:51/20000
saved_model:/Users/frido_mac/Projects/low_vram_institute/logs/parameter_golf/2026_04_29_run_0090_mlx_model.npz bytes:67748186
serialized_model_int8_zlib:12834490 bytes (payload:20613412 raw_pickle:20622780 payload_ratio:3.29x)
val_progress:1/255
val_progress:25/255
val_progress:50/255
val_progress:75/255
val_progress:100/255
val_progress:125/255
val_progress:150/255
val_progress:175/255
val_progress:200/255
val_progress:225/255
val_progress:250/255
val_progress:255/255
throughput:avg_tok_s:512.46 total_tokens:313344
final_int8_zlib_roundtrip val_loss:4.6289 val_bpb:2.0520 eval_time:40463ms
final_int8_zlib_roundtrip_exact val_loss:4.62893699 val_bpb:2.05195314
